[PYTEST] Test execution started
============================= test session starts =============================
platform win32 -- Python 3.14.2, pytest-9.0.2, pluggy-1.6.0
rootdir: C:\PROJECTS\CORTEX\tests
configfile: pytest.ini
plugins: anyio-4.12.1, timeout-2.4.0, xdist-3.8.0
timeout: 30.0s
timeout method: thread
timeout func_only: False
created: 6/6 workers
6 workers [8129 items]

..........[PYTEST PROGRESS] 10/0 - 10P 0F 0E (1.2 tests/sec) - test_merge_entity_with_description_conflict
..........[PYTEST PROGRESS] 20/0 - 20P 0F 0E (2.4 tests/sec) - test_assess_moderate_complexity
..........[PYTEST PROGRESS] 30/0 - 30P 0F 0E (3.6 tests/sec) - test_lens_confidence_aggregation
..........[PYTEST PROGRESS] 40/0 - 40P 0F 0E (4.8 tests/sec) - test_ast_complexity_scoring
..........[PYTEST PROGRESS] 50/0 - 50P 0F 0E (6.0 tests/sec) - test_get_validation_report
..........[PYTEST PROGRESS] 60/0 - 60P 0F 0E (7.2 tests/sec) - test_scope_analysis_local_vs_global
..........[PYTEST PROGRESS] 70/0 - 70P 0F 0E (8.3 tests/sec) - test_get_recovery_strategy
.. [  0%]
........[PYTEST PROGRESS] 80/0 - 80P 0F 0E (9.5 tests/sec) - test_request_with_notification
..........[PYTEST PROGRESS] 90/0 - 90P 0F 0E (10.7 tests/sec) - test_query_result_includes_response_time
..........[PYTEST PROGRESS] 100/0 - 100P 0F 0E (11.9 tests/sec) - test_get_by_domain_filters_correctly
..........[PYTEST PROGRESS] 110/0 - 110P 0F 0E (13.1 tests/sec) - test_tool_definition_compliance_missing_id
..........[PYTEST PROGRESS] 120/0 - 120P 0F 0E (14.3 tests/sec) - test_boolean_values_support
..........[PYTEST PROGRESS] 130/0 - 130P 0F 0E (15.5 tests/sec) - test_get_relevant_knowledge_with_multiple_domains
..........[PYTEST PROGRESS] 140/0 - 140P 0F 0E (16.6 tests/sec) - test_router_initialization_rejects_invalid_tech_provider
.... [  1%]
......[PYTEST PROGRESS] 150/0 - 150P 0F 0E (17.8 tests/sec) - test_knowledge_query_has_filters
..........[PYTEST PROGRESS] 160/0 - 160P 0F 0E (19.0 tests/sec) - test_validation_error_handling
..........[PYTEST PROGRESS] 170/0 - 170P 0F 0E (20.2 tests/sec) - test_query_with_keyword_override
..........[PYTEST PROGRESS] 180/0 - 180P 0F 0E (21.3 tests/sec) - test_error_recovery_field
..........[PYTEST PROGRESS] 190/0 - 190P 0F 0E (22.5 tests/sec) - test_coupling_score_dense_graph
..........[PYTEST PROGRESS] 200/0 - 200P 0F 0E (23.6 tests/sec) - test_tool_parameter_with_constraints
..........[PYTEST PROGRESS] 210/0 - 210P 0F 0E (24.8 tests/sec) - test_phase_recognition
...... [  2%]
....[PYTEST PROGRESS] 220/0 - 220P 0F 0E (26.0 tests/sec) - test_mcp_error_creation
..........[PYTEST PROGRESS] 230/0 - 230P 0F 0E (27.1 tests/sec) - test_find_by_tags
..........[PYTEST PROGRESS] 240/0 - 240P 0F 0E (28.3 tests/sec) - test_parameter_validation_string
..........[PYTEST PROGRESS] 250/0 - 250P 0F 0E (29.5 tests/sec) - test_synthesis_cache
..........[PYTEST PROGRESS] 260/0 - 260P 0F 0E (30.6 tests/sec) - test_parameter_validation_with_range
..........[PYTEST PROGRESS] 270/0 - 270P 0F 0E (31.8 tests/sec) - test_tool_in_multiple_domains
..........[PYTEST PROGRESS] 280/0 - 280P 0F 0E (32.9 tests/sec) - test_get_metrics_updates_from_hot_reload
........ [  3%]
..[PYTEST PROGRESS] 290/0 - 290P 0F 0E (34.1 tests/sec) - test_recognition_with_single_source
..........[PYTEST PROGRESS] 300/0 - 300P 0F 0E (35.3 tests/sec) - test_usage_count_tracking
..........[PYTEST PROGRESS] 310/0 - 310P 0F 0E (36.4 tests/sec) - test_discover_with_multiple_filters
..........[PYTEST PROGRESS] 320/0 - 320P 0F 0E (37.6 tests/sec) - test_responsive_css_exists
..........[PYTEST PROGRESS] 330/0 - 330P 0F 0E (38.7 tests/sec) - test_render_dashboard
..........[PYTEST PROGRESS] 340/0 - 340P 0F 0E (39.8 tests/sec) - test_render_with_connected_components
..........[PYTEST PROGRESS] 350/0 - 350P 0F 0E (41.0 tests/sec) - test_discover_related_by_tags
.......... [  4%]
[PYTEST PROGRESS] 360/0 - 360P 0F 0E (42.1 tests/sec) - test_touch_targets_wcag_compliant
..........[PYTEST PROGRESS] 370/0 - 370P 0F 0E (43.2 tests/sec) - test_document_missing_domain_id
..........[PYTEST PROGRESS] 380/0 - 380P 0F 0E (44.3 tests/sec) - test_redact_password
..........[PYTEST PROGRESS] 390/0 - 390P 0F 0E (45.4 tests/sec) - test_hamburger_menu_toggle_function
..........[PYTEST PROGRESS] 400/0 - 400P 0F 0E (46.5 tests/sec) - test_hamburger_menu_escape_key_handler
..........[PYTEST PROGRESS] 410/0 - 410P 0F 0E (47.7 tests/sec) - test_log_method_exists
..........[PYTEST PROGRESS] 420/0 - 420P 0F 0E (48.8 tests/sec) - test_index_html_includes_search_css
..........[PYTEST PROGRESS] 430/0 - 430P 0F 0E (49.9 tests/sec) - test_disabled_rule
.. [  5%]
........[PYTEST PROGRESS] 440/0 - 440P 0F 0E (51.0 tests/sec) - test_is_likely_secret
..........[PYTEST PROGRESS] 450/0 - 450P 0F 0E (52.1 tests/sec) - test_fallback_logic_missing_signals
..........[PYTEST PROGRESS] 460/0 - 460P 0F 0E (53.2 tests/sec) - test_log_trimming
..........[PYTEST PROGRESS] 470/0 - 470P 0F 0E (54.3 tests/sec) - test_top_k_alternatives_for_critical
..........[PYTEST PROGRESS] 480/0 - 480P 0F 0E (55.4 tests/sec) - test_decision_history_limit
..........[PYTEST PROGRESS] 490/0 - 490P 0F 0E (56.5 tests/sec) - test_execution_context_created
..........[PYTEST PROGRESS] 500/0 - 500P 0F 0E (57.6 tests/sec) - test_consistency_complex
.... [  6%]
......[PYTEST PROGRESS] 510/0 - 510P 0F 0E (58.7 tests/sec) - test_tab_click_handlers
..........[PYTEST PROGRESS] 520/0 - 520P 0F 0E (59.8 tests/sec) - test_keyboard_navigation_support
..........[PYTEST PROGRESS] 530/0 - 530P 0F 0E (60.9 tests/sec) - test_index_html_includes_sidebar_js
..........[PYTEST PROGRESS] 540/0 - 540P 0F 0E (62.0 tests/sec) - test_sidebar_five_main_sections
..........[PYTEST PROGRESS] 550/0 - 550P 0F 0E (63.1 tests/sec) - test_s_014_sql_injection_prevention
..........[PYTEST PROGRESS] 560/0 - 560P 0F 0E (64.2 tests/sec) - test_s_016_csrf_protection
..........[PYTEST PROGRESS] 570/0 - 570P 0F 0E (65.2 tests/sec) - test_s_018_security_headers
...... [  7%]
....[PYTEST PROGRESS] 580/0 - 580P 0F 0E (66.3 tests/sec) - test_s_020_incident_response
..........[PYTEST PROGRESS] 590/0 - 590P 0F 0E (67.4 tests/sec) - test_register_component
..........[PYTEST PROGRESS] 600/0 - 600P 0F 0E (68.5 tests/sec) - test_consistent_tool_structure
..........[PYTEST PROGRESS] 610/0 - 610P 0F 0E (69.6 tests/sec) - test_get_tools_by_complexity_all
..........[PYTEST PROGRESS] 620/0 - 620P 0F 0E (70.6 tests/sec) - test_verify_chain_multiple_entries
..........[PYTEST PROGRESS] 630/0 - 630P 0F 0E (71.7 tests/sec) - test_complete_activity_not_started
..........[PYTEST PROGRESS] 640/0 - 640P 0F 0E (72.8 tests/sec) - test_batch_update_returns_count
........ [  7%]
..[PYTEST PROGRESS] 650/0 - 650P 0F 0E (73.9 tests/sec) - test_check_consistency
..........[PYTEST PROGRESS] 660/0 - 660P 0F 0E (75.0 tests/sec) - test_add_rule
..........[PYTEST PROGRESS] 670/0 - 670P 0F 0E (76.0 tests/sec) - test_unregister_tool
..........[PYTEST PROGRESS] 680/0 - 680P 0F 0E (77.1 tests/sec) - test_listener_notification
..........[PYTEST PROGRESS] 690/0 - 690P 0F 0E (78.2 tests/sec) - test_tool_tagging
..........[PYTEST PROGRESS] 700/0 - 700P 0F 0E (79.2 tests/sec) - test_process_anomaly_no_matching_rule
..........[PYTEST PROGRESS] 710/0 - 710P 0F 0E (80.3 tests/sec) - test_empty_path_shortnames
.......... [  8%]
[PYTEST PROGRESS] 720/0 - 720P 0F 0E (81.4 tests/sec) - test_empty_tag_search
..........[PYTEST PROGRESS] 730/0 - 730P 0F 0E (82.4 tests/sec) - test_parse_extracts_description
..........[PYTEST PROGRESS] 740/0 - 740P 0F 0E (83.5 tests/sec) - test_normalize_mixed_separators_in_unc
..........[PYTEST PROGRESS] 750/0 - 750P 0F 0E (84.5 tests/sec) - test_get_hooks
..........[PYTEST PROGRESS] 760/0 - 760P 0F 0E (85.6 tests/sec) - test_run_skipped_test
..........[PYTEST PROGRESS] 770/0 - 770P 0F 0E (86.6 tests/sec) - test_suite_summary
..........[PYTEST PROGRESS] 780/0 - 780P 0F 0E (87.7 tests/sec) - test_extract_variables
..........[PYTEST PROGRESS] 790/0 - 790P 0F 0E (88.7 tests/sec) - test_execution_history_empty
.. [  9%]
........[PYTEST PROGRESS] 800/0 - 800P 0F 0E (89.8 tests/sec) - test_refinement_rule_registration
..........[PYTEST PROGRESS] 810/0 - 810P 0F 0E (90.8 tests/sec) - test_parse_invalid_yaml
..........[PYTEST PROGRESS] 820/0 - 820P 0F 0E (91.9 tests/sec) - test_custom_filter_creation
.....s....[PYTEST PROGRESS] 830/0 - 829P 0F 0E (92.9 tests/sec) - test_pipeline_execution_streaming_mode
...s....s.[PYTEST PROGRESS] 840/0 - 837P 0F 0E (93.9 tests/sec) - test_protocol_structural_subtyping
....s..s..[PYTEST PROGRESS] 850/0 - 845P 0F 0E (95.0 tests/sec) - test_pipeline_metrics_tracking
...s....s.[PYTEST PROGRESS] 860/0 - 853P 0F 0E (96.1 tests/sec) - test_multiple_file_mappings
...s [ 10%]
......[PYTEST PROGRESS] 870/0 - 862P 0F 0E (97.1 tests/sec) - test_get_relevant_knowledge_method_signature
.s..s.....[PYTEST PROGRESS] 880/0 - 870P 0F 0E (98.2 tests/sec) - test_protocol_allows_multiple_implementations
..........[PYTEST PROGRESS] 890/0 - 880P 0F 0E (99.2 tests/sec) - test_per_turn_synthesis_not_applied_low_confidence
........s.[PYTEST PROGRESS] 900/0 - 889P 0F 0E (100.3 tests/sec) - test_migration_report_includes_file_mappings
....s.....[PYTEST PROGRESS] 910/0 - 898P 0F 0E (101.3 tests/sec) - test_optimizer_creation
..........[PYTEST PROGRESS] 920/0 - 908P 0F 0E (102.3 tests/sec) - test_calculate_quality_metrics
..........[PYTEST PROGRESS] 930/0 - 918P 0F 0E (103.4 tests/sec) - test_challenge_with_severity_formatting
...... [ 11%]
....[PYTEST PROGRESS] 940/0 - 928P 0F 0E (104.4 tests/sec) - test_create_marker_with_evidence
..........[PYTEST PROGRESS] 950/0 - 938P 0F 0E (105.5 tests/sec) - test_get_markers_by_framework
..........[PYTEST PROGRESS] 960/0 - 948P 0F 0E (106.5 tests/sec) - test_register_version_multiple
..........[PYTEST PROGRESS] 970/0 - 958P 0F 0E (107.5 tests/sec) - test_metric_types[gauge-gauge]
..........[PYTEST PROGRESS] 980/0 - 968P 0F 0E (108.5 tests/sec) - test_get_optimization_recommendations_high_quality
..........[PYTEST PROGRESS] 990/0 - 978P 0F 0E (109.6 tests/sec) - test_successful_operations[5-operation_result1]
..........[PYTEST PROGRESS] 1000/0 - 988P 0F 0E (110.5 tests/sec) - test_metric_label_variations[0]
........ [ 12%]
..[PYTEST PROGRESS] 1010/0 - 998P 0F 0E (111.3 tests/sec) - test_full_pipeline_execution_flow
..........[PYTEST PROGRESS] 1020/0 - 1008P 0F 0E (112.1 tests/sec) - test_output_formatting_stage
..........[PYTEST PROGRESS] 1030/0 - 1018P 0F 0E (112.9 tests/sec) - test_multiple_queries
..........[PYTEST PROGRESS] 1040/0 - 1028P 0F 0E (113.8 tests/sec) - test_get_optimization_insights
..........[PYTEST PROGRESS] 1050/0 - 1038P 0F 0E (114.6 tests/sec) - test_response_time_statistics
..........[PYTEST PROGRESS] 1060/0 - 1048P 0F 0E (115.4 tests/sec) - test_confidence_filtering_with_mixed_threshold
..........[PYTEST PROGRESS] 1070/0 - 1058P 0F 0E (116.1 tests/sec) - test_router_explicit_domain_override
.......... [ 13%]
[PYTEST PROGRESS] 1080/0 - 1068P 0F 0E (116.9 tests/sec) - test_get_error_patterns_multiple
..........[PYTEST PROGRESS] 1090/0 - 1078P 0F 0E (117.8 tests/sec) - test_custom_confidence_threshold_respected
..........[PYTEST PROGRESS] 1100/0 - 1088P 0F 0E (118.7 tests/sec) - test_pipeline_stages
..........[PYTEST PROGRESS] 1110/0 - 1098P 0F 0E (119.7 tests/sec) - test_duration_baseline_time_window
..........[PYTEST PROGRESS] 1120/0 - 1108P 0F 0E (120.6 tests/sec) - test_multiple_recovery_cycles
..........[PYTEST PROGRESS] 1130/0 - 1118P 0F 0E (121.5 tests/sec) - test_check_thresholds_alert
..........[PYTEST PROGRESS] 1140/0 - 1128P 0F 0E (122.5 tests/sec) - test_alert_severity
..........[PYTEST PROGRESS] 1150/0 - 1138P 0F 0E (123.3 tests/sec) - test_error_patterns_empty
.. [ 14%]
........[PYTEST PROGRESS] 1160/0 - 1148P 0F 0E (124.1 tests/sec) - test_register_multiple_custom
..........[PYTEST PROGRESS] 1170/0 - 1158P 0F 0E (124.7 tests/sec) - test_is_migration_valid_complete
..........[PYTEST PROGRESS] 1180/0 - 1168P 0F 0E (125.6 tests/sec) - test_executor_initialization
..s.s.....[PYTEST PROGRESS] 1190/0 - 1176P 0F 0E (126.4 tests/sec) - test_execution_with_timeout
.ss.s.s...[PYTEST PROGRESS] 1200/0 - 1182P 0F 0E (127.1 tests/sec) - test_challenges_segment_added_after_header
..........[PYTEST PROGRESS] 1210/0 - 1192P 0F 0E (128.0 tests/sec) - test_segment_order_preserved
..........[PYTEST PROGRESS] 1220/0 - 1202P 0F 0E (128.8 tests/sec) - test_backward_compatibility_with_base_generator
.... [ 15%]
......[PYTEST PROGRESS] 1230/0 - 1212P 0F 0E (129.7 tests/sec) - test_p_003_page_load_time
..........[PYTEST PROGRESS] 1240/0 - 1222P 0F 0E (130.5 tests/sec) - test_p_008_lazy_loading
..........[PYTEST PROGRESS] 1250/0 - 1232P 0F 0E (131.4 tests/sec) - test_p_013_memory_optimization
..........[PYTEST PROGRESS] 1260/0 - 1242P 0F 0E (132.3 tests/sec) - test_failed_call_increments_failure
..........[PYTEST PROGRESS] 1270/0 - 1252P 0F 0E (133.1 tests/sec) - test_rel_012_data_consistency
..........[PYTEST PROGRESS] 1280/0 - 1262P 0F 0E (133.7 tests/sec) - test_validate_unknown_parameter_type
..........[PYTEST PROGRESS] 1290/0 - 1272P 0F 0E (134.3 tests/sec) - test_get_recommendations_confidence_scores
...... [ 15%]
....[PYTEST PROGRESS] 1300/0 - 1282P 0F 0E (135.1 tests/sec) - test_recommendation_reason
..........[PYTEST PROGRESS] 1310/0 - 1292P 0F 0E (135.8 tests/sec) - test_rollback_invalid_version
..........[PYTEST PROGRESS] 1320/0 - 1302P 0F 0E (136.5 tests/sec) - test_version_persistence
..........[PYTEST PROGRESS] 1330/0 - 1312P 0F 0E (137.3 tests/sec) - test_invalid_query_format
..........[PYTEST PROGRESS] 1340/0 - 1322P 0F 0E (138.1 tests/sec) - test_format_chat_mode
..........[PYTEST PROGRESS] 1350/0 - 1332P 0F 0E (138.8 tests/sec) - test_add_folder_successfully
..........[PYTEST PROGRESS] 1360/0 - 1342P 0F 0E (139.7 tests/sec) - test_cache_clear
........ [ 16%]
..[PYTEST PROGRESS] 1370/0 - 1352P 0F 0E (140.5 tests/sec) - test_cache_initialization
..........[PYTEST PROGRESS] 1380/0 - 1362P 0F 0E (141.4 tests/sec) - test_validator_creation
..........[PYTEST PROGRESS] 1390/0 - 1372P 0F 0E (142.1 tests/sec) - test_validate_context_integrity_mismatch
..........[PYTEST PROGRESS] 1400/0 - 1382P 0F 0E (142.8 tests/sec) - test_collect_performance_feedback
..........[PYTEST PROGRESS] 1410/0 - 1392P 0F 0E (143.5 tests/sec) - test_record_error
..........[PYTEST PROGRESS] 1420/0 - 1402P 0F 0E (144.3 tests/sec) - test_rejection_workflow
...F....E..[PYTEST PROGRESS] 1430/0 - 1411P 1F 0E (143.5 tests/sec) - test_cache_ttl_expiration
......... [ 17%]
.[PYTEST PROGRESS] 1440/0 - 1421P 1F 0E (141.8 tests/sec) - test_call_with_args_kwargs
