2025-11-14 10:43:29 - WARNING - SECURITY: History file too large
2025-11-14 10:43:29 - WARNING - SECURITY: History file too large
2025-11-14 10:43:29 - ERROR - Error reading workspace JSON: JSONDecodeError
2025-11-14 10:43:29 - ERROR - Error reading workspace JSON: JSONDecodeError
2025-11-14 10:43:29 - WARNING - SECURITY: Workspace file too large, skipping
2025-11-14 10:43:29 - WARNING - SECURITY: Workspace file too large, skipping
2025-11-14 10:43:29 - ERROR - Capture script not found, skipping hook install
2025-11-14 10:43:29 - ERROR - Capture script not found, skipping hook install
2025-11-14 10:43:29 - ERROR - Capture script not found, skipping hook install
2025-11-14 10:43:29 - ERROR - Capture script not found, skipping hook install
2025-11-14 10:43:29 - ERROR - Capture script not found, skipping hook install
2025-11-14 10:43:29 - ERROR - Capture script not found, skipping hook install
2025-11-14 10:43:29 - INFO - Ambient Capture Daemon initialized with Phase 4.4 enhancements
2025-11-14 10:43:29 - INFO - Ambient Capture Daemon initialized with Phase 4.4 enhancements
2025-11-14 10:43:29 - INFO - Ambient Capture Daemon initialized with Phase 4.4 enhancements
2025-11-14 10:43:29 - INFO - Ambient Capture Daemon initialized with Phase 4.4 enhancements
2025-11-14 10:43:29 - WARNING - SECURITY: Could not validate terminal history path
2025-11-14 10:43:29 - WARNING - SECURITY: Could not validate terminal history path
2025-11-14 10:43:29 - INFO - Ambient Capture Daemon initialized with Phase 4.4 enhancements
2025-11-14 10:43:29 - INFO - Ambient Capture Daemon initialized with Phase 4.4 enhancements
2025-11-14 10:43:30 - INFO - Logged 1 ambient events to session test-session-id
2025-11-14 10:43:30 - INFO - Logged 1 ambient events to session test-session-id
2025-11-14 10:43:32 - ERROR - Error detecting pattern: KeyError
2025-11-14 10:43:32 - ERROR - Error detecting pattern: KeyError
2025-11-14 10:43:32 - ERROR - Error scoring activity: KeyError
2025-11-14 10:43:32 - ERROR - Error scoring activity: KeyError
2025-11-14 10:43:32 - ERROR - Error summarizing event: KeyError
2025-11-14 10:43:32 - ERROR - Error summarizing event: KeyError
2025-11-14 10:43:35 - ERROR - Tier 1 write error: TypeError: 'Mock' object is not iterable
2025-11-14 10:43:35 - ERROR - Tier 1 write error: TypeError: 'Mock' object is not iterable
2025-11-14 10:43:36 - INFO - Ambient Capture Daemon initialized with Phase 4.4 enhancements
2025-11-14 10:43:36 - INFO - Ambient Capture Daemon initialized with Phase 4.4 enhancements
2025-11-14 10:43:36 - WARNING - SECURITY: Could not validate terminal history path
2025-11-14 10:43:36 - WARNING - SECURITY: Could not validate terminal history path
2025-11-14 10:43:36 - INFO - Ambient Capture Daemon initialized with Phase 4.4 enhancements
2025-11-14 10:43:36 - INFO - Ambient Capture Daemon initialized with Phase 4.4 enhancements
2025-11-14 10:43:36 - INFO - Ambient Capture Daemon initialized with Phase 4.4 enhancements
2025-11-14 10:43:36 - INFO - Ambient Capture Daemon initialized with Phase 4.4 enhancements
2025-11-14 10:43:40 - INFO - Not a git repository, git monitoring disabled
2025-11-14 10:43:40 - INFO - Not a git repository, git monitoring disabled
2025-11-14 10:43:42 - ERROR - Tier 1 write error: TypeError: 'Mock' object is not iterable
2025-11-14 10:43:42 - ERROR - Tier 1 write error: TypeError: 'Mock' object is not iterable
2025-11-14 10:43:43 - INFO - Not a git repository, git monitoring disabled
2025-11-14 10:43:43 - INFO - Not a git repository, git monitoring disabled
2025-11-14 10:43:43 - INFO - Ambient Capture Daemon initialized with Phase 4.4 enhancements
2025-11-14 10:43:43 - INFO - Ambient Capture Daemon initialized with Phase 4.4 enhancements
2025-11-14 10:43:48 - ERROR - Tier 1 write error: AttributeError: 'SessionManager' object has no attribute 'create_session'
2025-11-14 10:43:48 - ERROR - Tier 1 write error: AttributeError: 'SessionManager' object has no attribute 'create_session'
2025-11-14 10:58:50 - WARNING - SECURITY: History file too large
2025-11-14 10:58:50 - WARNING - SECURITY: History file too large
2025-11-14 10:58:50 - ERROR - Error reading workspace JSON: JSONDecodeError
2025-11-14 10:58:50 - ERROR - Error reading workspace JSON: JSONDecodeError
2025-11-14 10:58:50 - WARNING - SECURITY: Workspace file too large, skipping
2025-11-14 10:58:50 - WARNING - SECURITY: Workspace file too large, skipping
2025-11-14 10:58:50 - ERROR - Capture script not found, skipping hook install
2025-11-14 10:58:50 - ERROR - Capture script not found, skipping hook install
2025-11-14 10:58:50 - ERROR - Capture script not found, skipping hook install
2025-11-14 10:58:50 - ERROR - Capture script not found, skipping hook install
2025-11-14 10:58:50 - ERROR - Capture script not found, skipping hook install
2025-11-14 10:58:50 - ERROR - Capture script not found, skipping hook install
2025-11-14 10:58:50 - INFO - Ambient Capture Daemon initialized with Phase 4.4 enhancements
2025-11-14 10:58:50 - INFO - Ambient Capture Daemon initialized with Phase 4.4 enhancements
2025-11-14 10:58:50 - INFO - Ambient Capture Daemon initialized with Phase 4.4 enhancements
2025-11-14 10:58:50 - INFO - Ambient Capture Daemon initialized with Phase 4.4 enhancements
2025-11-14 10:58:50 - WARNING - SECURITY: Could not validate terminal history path
2025-11-14 10:58:50 - WARNING - SECURITY: Could not validate terminal history path
2025-11-14 10:58:50 - INFO - Ambient Capture Daemon initialized with Phase 4.4 enhancements
2025-11-14 10:58:50 - INFO - Ambient Capture Daemon initialized with Phase 4.4 enhancements
2025-11-14 10:58:51 - INFO - Logged 1 ambient events to session test-session-id
2025-11-14 10:58:51 - INFO - Logged 1 ambient events to session test-session-id
2025-11-14 10:58:52 - ERROR - Error detecting pattern: KeyError
2025-11-14 10:58:52 - ERROR - Error detecting pattern: KeyError
2025-11-14 10:58:52 - ERROR - Error scoring activity: KeyError
2025-11-14 10:58:52 - ERROR - Error scoring activity: KeyError
2025-11-14 10:58:52 - ERROR - Error summarizing event: KeyError
2025-11-14 10:58:52 - ERROR - Error summarizing event: KeyError
2025-11-14 10:58:56 - ERROR - Tier 1 write error: TypeError: 'Mock' object is not iterable
2025-11-14 10:58:56 - ERROR - Tier 1 write error: TypeError: 'Mock' object is not iterable
2025-11-14 10:58:57 - INFO - Ambient Capture Daemon initialized with Phase 4.4 enhancements
2025-11-14 10:58:57 - INFO - Ambient Capture Daemon initialized with Phase 4.4 enhancements
2025-11-14 10:58:57 - WARNING - SECURITY: Could not validate terminal history path
2025-11-14 10:58:57 - WARNING - SECURITY: Could not validate terminal history path
2025-11-14 10:58:57 - INFO - Ambient Capture Daemon initialized with Phase 4.4 enhancements
2025-11-14 10:58:57 - INFO - Ambient Capture Daemon initialized with Phase 4.4 enhancements
2025-11-14 10:58:57 - INFO - Ambient Capture Daemon initialized with Phase 4.4 enhancements
2025-11-14 10:58:57 - INFO - Ambient Capture Daemon initialized with Phase 4.4 enhancements
2025-11-14 10:59:01 - INFO - Not a git repository, git monitoring disabled
2025-11-14 10:59:01 - INFO - Not a git repository, git monitoring disabled
2025-11-14 10:59:03 - ERROR - Tier 1 write error: TypeError: 'Mock' object is not iterable
2025-11-14 10:59:03 - ERROR - Tier 1 write error: TypeError: 'Mock' object is not iterable
2025-11-14 10:59:04 - INFO - Not a git repository, git monitoring disabled
2025-11-14 10:59:04 - INFO - Not a git repository, git monitoring disabled
2025-11-14 10:59:04 - INFO - Ambient Capture Daemon initialized with Phase 4.4 enhancements
2025-11-14 10:59:04 - INFO - Ambient Capture Daemon initialized with Phase 4.4 enhancements
2025-11-14 10:59:09 - ERROR - Tier 1 write error: AttributeError: 'SessionManager' object has no attribute 'create_session'
2025-11-14 10:59:09 - ERROR - Tier 1 write error: AttributeError: 'SessionManager' object has no attribute 'create_session'
2025-11-14 11:19:44 - WARNING - SECURITY: History file too large
2025-11-14 11:19:44 - WARNING - SECURITY: History file too large
2025-11-14 11:19:44 - ERROR - Error reading workspace JSON: JSONDecodeError
2025-11-14 11:19:44 - ERROR - Error reading workspace JSON: JSONDecodeError
2025-11-14 11:19:44 - WARNING - SECURITY: Workspace file too large, skipping
2025-11-14 11:19:44 - WARNING - SECURITY: Workspace file too large, skipping
2025-11-14 11:19:44 - ERROR - Capture script not found, skipping hook install
2025-11-14 11:19:44 - ERROR - Capture script not found, skipping hook install
2025-11-14 11:19:44 - ERROR - Capture script not found, skipping hook install
2025-11-14 11:19:44 - ERROR - Capture script not found, skipping hook install
2025-11-14 11:19:44 - ERROR - Capture script not found, skipping hook install
2025-11-14 11:19:44 - ERROR - Capture script not found, skipping hook install
2025-11-14 11:19:44 - INFO - Ambient Capture Daemon initialized with Phase 4.4 enhancements
2025-11-14 11:19:44 - INFO - Ambient Capture Daemon initialized with Phase 4.4 enhancements
2025-11-14 11:19:44 - INFO - Ambient Capture Daemon initialized with Phase 4.4 enhancements
2025-11-14 11:19:44 - INFO - Ambient Capture Daemon initialized with Phase 4.4 enhancements
2025-11-14 11:19:44 - WARNING - SECURITY: Could not validate terminal history path
2025-11-14 11:19:44 - WARNING - SECURITY: Could not validate terminal history path
2025-11-14 11:19:44 - INFO - Ambient Capture Daemon initialized with Phase 4.4 enhancements
2025-11-14 11:19:44 - INFO - Ambient Capture Daemon initialized with Phase 4.4 enhancements
2025-11-14 11:19:45 - INFO - Logged 1 ambient events to session test-session-id
2025-11-14 11:19:45 - INFO - Logged 1 ambient events to session test-session-id
2025-11-14 11:19:46 - ERROR - Error detecting pattern: KeyError
2025-11-14 11:19:46 - ERROR - Error detecting pattern: KeyError
2025-11-14 11:19:46 - ERROR - Error scoring activity: KeyError
2025-11-14 11:19:46 - ERROR - Error scoring activity: KeyError
2025-11-14 11:19:46 - ERROR - Error summarizing event: KeyError
2025-11-14 11:19:46 - ERROR - Error summarizing event: KeyError
2025-11-14 11:19:49 - ERROR - Tier 1 write error: TypeError: 'Mock' object is not iterable
2025-11-14 11:19:49 - ERROR - Tier 1 write error: TypeError: 'Mock' object is not iterable
2025-11-14 11:19:51 - INFO - Ambient Capture Daemon initialized with Phase 4.4 enhancements
2025-11-14 11:19:51 - INFO - Ambient Capture Daemon initialized with Phase 4.4 enhancements
2025-11-14 11:19:51 - WARNING - SECURITY: Could not validate terminal history path
2025-11-14 11:19:51 - WARNING - SECURITY: Could not validate terminal history path
2025-11-14 11:19:51 - INFO - Ambient Capture Daemon initialized with Phase 4.4 enhancements
2025-11-14 11:19:51 - INFO - Ambient Capture Daemon initialized with Phase 4.4 enhancements
2025-11-14 11:19:51 - INFO - Ambient Capture Daemon initialized with Phase 4.4 enhancements
2025-11-14 11:19:51 - INFO - Ambient Capture Daemon initialized with Phase 4.4 enhancements
2025-11-14 11:19:54 - INFO - Not a git repository, git monitoring disabled
2025-11-14 11:19:54 - INFO - Not a git repository, git monitoring disabled
2025-11-14 11:19:57 - ERROR - Tier 1 write error: TypeError: 'Mock' object is not iterable
2025-11-14 11:19:57 - ERROR - Tier 1 write error: TypeError: 'Mock' object is not iterable
2025-11-14 11:19:58 - INFO - Not a git repository, git monitoring disabled
2025-11-14 11:19:58 - INFO - Not a git repository, git monitoring disabled
2025-11-14 11:19:58 - INFO - Ambient Capture Daemon initialized with Phase 4.4 enhancements
2025-11-14 11:19:58 - INFO - Ambient Capture Daemon initialized with Phase 4.4 enhancements
2025-11-14 11:49:15 - INFO - Not a git repository, git monitoring disabled
2025-11-14 11:49:15 - INFO - Ambient Capture Daemon initialized with Phase 4.4 enhancements
2025-11-14 11:49:15 - INFO - Ambient Capture Daemon initialized with Phase 4.4 enhancements
2025-11-14 11:49:15 - INFO - Ambient Capture Daemon initialized with Phase 4.4 enhancements
2025-11-14 11:49:15 - INFO - Ambient Capture Daemon initialized with Phase 4.4 enhancements
2025-11-14 11:49:15 - WARNING - SECURITY: Could not validate terminal history path
2025-11-14 11:49:15 - INFO - Ambient Capture Daemon initialized with Phase 4.4 enhancements
2025-11-14 11:49:15 - WARNING - SECURITY: Could not validate terminal history path
2025-11-14 11:49:15 - INFO - Ambient Capture Daemon initialized with Phase 4.4 enhancements
2025-11-14 11:49:15 - INFO - Ambient Capture Daemon initialized with Phase 4.4 enhancements
2025-11-14 11:49:20 - ERROR - Tier 1 write error: AttributeError: 'SessionManager' object has no attribute 'create_session'
2025-11-14 11:49:21 - ERROR - Tier 1 write error: TypeError: 'Mock' object is not iterable
2025-11-14 11:49:21 - ERROR - Tier 1 write error: TypeError: 'Mock' object is not iterable
2025-11-14 12:46:15 - WARNING - SECURITY: History file too large
2025-11-14 12:46:15 - WARNING - SECURITY: History file too large
2025-11-14 12:46:15 - ERROR - Error reading workspace JSON: JSONDecodeError
2025-11-14 12:46:15 - ERROR - Error reading workspace JSON: JSONDecodeError
2025-11-14 12:46:15 - WARNING - SECURITY: Workspace file too large, skipping
2025-11-14 12:46:15 - WARNING - SECURITY: Workspace file too large, skipping
2025-11-14 12:46:15 - ERROR - Capture script not found, skipping hook install
2025-11-14 12:46:15 - ERROR - Capture script not found, skipping hook install
2025-11-14 12:46:15 - ERROR - Capture script not found, skipping hook install
2025-11-14 12:46:15 - ERROR - Capture script not found, skipping hook install
2025-11-14 12:46:15 - ERROR - Capture script not found, skipping hook install
2025-11-14 12:46:15 - ERROR - Capture script not found, skipping hook install
2025-11-14 12:46:15 - INFO - Ambient Capture Daemon initialized with Phase 4.4 enhancements
2025-11-14 12:46:15 - INFO - Ambient Capture Daemon initialized with Phase 4.4 enhancements
2025-11-14 12:46:15 - INFO - Ambient Capture Daemon initialized with Phase 4.4 enhancements
2025-11-14 12:46:15 - INFO - Ambient Capture Daemon initialized with Phase 4.4 enhancements
2025-11-14 12:46:15 - WARNING - SECURITY: Could not validate terminal history path
2025-11-14 12:46:15 - WARNING - SECURITY: Could not validate terminal history path
2025-11-14 12:46:15 - INFO - Ambient Capture Daemon initialized with Phase 4.4 enhancements
2025-11-14 12:46:15 - INFO - Ambient Capture Daemon initialized with Phase 4.4 enhancements
2025-11-14 12:46:16 - INFO - Logged 1 ambient events to session test-session-id
2025-11-14 12:46:16 - INFO - Logged 1 ambient events to session test-session-id
2025-11-14 12:46:17 - ERROR - Error detecting pattern: KeyError
2025-11-14 12:46:17 - ERROR - Error detecting pattern: KeyError
2025-11-14 12:46:17 - ERROR - Error scoring activity: KeyError
2025-11-14 12:46:17 - ERROR - Error scoring activity: KeyError
2025-11-14 12:46:17 - ERROR - Error summarizing event: KeyError
2025-11-14 12:46:17 - ERROR - Error summarizing event: KeyError
2025-11-14 12:46:21 - ERROR - Tier 1 write error: TypeError: 'Mock' object is not iterable
2025-11-14 12:46:21 - ERROR - Tier 1 write error: TypeError: 'Mock' object is not iterable
2025-11-14 12:46:22 - INFO - Ambient Capture Daemon initialized with Phase 4.4 enhancements
2025-11-14 12:46:22 - INFO - Ambient Capture Daemon initialized with Phase 4.4 enhancements
2025-11-14 12:46:22 - WARNING - SECURITY: Could not validate terminal history path
2025-11-14 12:46:22 - WARNING - SECURITY: Could not validate terminal history path
2025-11-14 12:46:22 - INFO - Ambient Capture Daemon initialized with Phase 4.4 enhancements
2025-11-14 12:46:22 - INFO - Ambient Capture Daemon initialized with Phase 4.4 enhancements
2025-11-14 12:46:22 - INFO - Ambient Capture Daemon initialized with Phase 4.4 enhancements
2025-11-14 12:46:22 - INFO - Ambient Capture Daemon initialized with Phase 4.4 enhancements
2025-11-14 12:46:25 - INFO - Not a git repository, git monitoring disabled
2025-11-14 12:46:25 - INFO - Not a git repository, git monitoring disabled
2025-11-14 12:46:28 - ERROR - Tier 1 write error: TypeError: 'Mock' object is not iterable
2025-11-14 12:46:28 - ERROR - Tier 1 write error: TypeError: 'Mock' object is not iterable
2025-11-14 12:46:29 - INFO - Not a git repository, git monitoring disabled
2025-11-14 12:46:29 - INFO - Not a git repository, git monitoring disabled
2025-11-14 12:46:29 - INFO - Ambient Capture Daemon initialized with Phase 4.4 enhancements
2025-11-14 12:46:29 - INFO - Ambient Capture Daemon initialized with Phase 4.4 enhancements
2025-11-14 12:46:57 - WARNING - SECURITY: History file too large
2025-11-14 12:46:57 - WARNING - SECURITY: History file too large
2025-11-14 12:46:57 - ERROR - Error reading workspace JSON: JSONDecodeError
2025-11-14 12:46:57 - ERROR - Error reading workspace JSON: JSONDecodeError
2025-11-14 12:46:57 - WARNING - SECURITY: Workspace file too large, skipping
2025-11-14 12:46:57 - WARNING - SECURITY: Workspace file too large, skipping
2025-11-14 12:46:58 - ERROR - Capture script not found, skipping hook install
2025-11-14 12:46:58 - ERROR - Capture script not found, skipping hook install
2025-11-14 12:46:58 - ERROR - Capture script not found, skipping hook install
2025-11-14 12:46:58 - ERROR - Capture script not found, skipping hook install
2025-11-14 12:46:58 - ERROR - Capture script not found, skipping hook install
2025-11-14 12:46:58 - ERROR - Capture script not found, skipping hook install
2025-11-14 12:46:58 - INFO - Ambient Capture Daemon initialized with Phase 4.4 enhancements
2025-11-14 12:46:58 - INFO - Ambient Capture Daemon initialized with Phase 4.4 enhancements
2025-11-14 12:46:58 - INFO - Ambient Capture Daemon initialized with Phase 4.4 enhancements
2025-11-14 12:46:58 - INFO - Ambient Capture Daemon initialized with Phase 4.4 enhancements
2025-11-14 12:46:58 - WARNING - SECURITY: Could not validate terminal history path
2025-11-14 12:46:58 - WARNING - SECURITY: Could not validate terminal history path
2025-11-14 12:46:58 - INFO - Ambient Capture Daemon initialized with Phase 4.4 enhancements
2025-11-14 12:46:58 - INFO - Ambient Capture Daemon initialized with Phase 4.4 enhancements
2025-11-14 12:46:58 - INFO - Logged 1 ambient events to session test-session-id
2025-11-14 12:46:58 - INFO - Logged 1 ambient events to session test-session-id
2025-11-14 12:47:00 - ERROR - Error detecting pattern: KeyError
2025-11-14 12:47:00 - ERROR - Error detecting pattern: KeyError
2025-11-14 12:47:00 - ERROR - Error scoring activity: KeyError
2025-11-14 12:47:00 - ERROR - Error scoring activity: KeyError
2025-11-14 12:47:00 - ERROR - Error summarizing event: KeyError
2025-11-14 12:47:00 - ERROR - Error summarizing event: KeyError
2025-11-14 12:47:03 - ERROR - Tier 1 write error: TypeError: 'Mock' object is not iterable
2025-11-14 12:47:03 - ERROR - Tier 1 write error: TypeError: 'Mock' object is not iterable
2025-11-14 12:47:04 - INFO - Ambient Capture Daemon initialized with Phase 4.4 enhancements
2025-11-14 12:47:04 - INFO - Ambient Capture Daemon initialized with Phase 4.4 enhancements
2025-11-14 12:47:04 - WARNING - SECURITY: Could not validate terminal history path
2025-11-14 12:47:04 - WARNING - SECURITY: Could not validate terminal history path
2025-11-14 12:47:05 - INFO - Ambient Capture Daemon initialized with Phase 4.4 enhancements
2025-11-14 12:47:05 - INFO - Ambient Capture Daemon initialized with Phase 4.4 enhancements
2025-11-14 12:47:05 - INFO - Ambient Capture Daemon initialized with Phase 4.4 enhancements
2025-11-14 12:47:05 - INFO - Ambient Capture Daemon initialized with Phase 4.4 enhancements
2025-11-14 12:47:08 - INFO - Not a git repository, git monitoring disabled
2025-11-14 12:47:08 - INFO - Not a git repository, git monitoring disabled
2025-11-14 12:47:11 - ERROR - Tier 1 write error: TypeError: 'Mock' object is not iterable
2025-11-14 12:47:11 - ERROR - Tier 1 write error: TypeError: 'Mock' object is not iterable
2025-11-14 12:47:12 - INFO - Not a git repository, git monitoring disabled
2025-11-14 12:47:12 - INFO - Not a git repository, git monitoring disabled
2025-11-14 12:47:12 - INFO - Ambient Capture Daemon initialized with Phase 4.4 enhancements
2025-11-14 12:47:12 - INFO - Ambient Capture Daemon initialized with Phase 4.4 enhancements
2025-11-14 13:07:24 - INFO - Ambient Capture Daemon initialized with Phase 4.4 enhancements
2025-11-14 13:07:24 - WARNING - SECURITY: Could not validate terminal history path
2025-11-14 13:15:26 - INFO - Ambient Capture Daemon initialized with Phase 4.4 enhancements
2025-11-14 13:15:26 - WARNING - SECURITY: Could not validate terminal history path
2025-11-14 13:15:37 - INFO - Ambient Capture Daemon initialized with Phase 4.4 enhancements
2025-11-14 13:15:37 - WARNING - SECURITY: Could not validate terminal history path
2025-11-14 13:16:01 - ERROR - Tier 1 write error: AttributeError: 'SessionManager' object has no attribute 'create_session'
2025-11-14 13:16:35 - INFO - Ambient Capture Daemon initialized with Phase 4.4 enhancements
2025-11-14 13:16:35 - WARNING - SECURITY: Could not validate terminal history path
2025-11-14 13:16:46 - INFO - Ambient Capture Daemon initialized with Phase 4.4 enhancements
2025-11-14 13:16:46 - WARNING - SECURITY: Could not validate terminal history path
2025-11-14 13:17:05 - INFO - Ambient Capture Daemon initialized with Phase 4.4 enhancements
2025-11-14 13:17:05 - WARNING - SECURITY: Could not validate terminal history path
2025-11-14 13:17:17 - INFO - Ambient Capture Daemon initialized with Phase 4.4 enhancements
2025-11-14 13:38:03 - WARNING - SECURITY: History file too large
2025-11-14 13:38:03 - WARNING - SECURITY: History file too large
2025-11-14 13:38:03 - ERROR - Error reading workspace JSON: JSONDecodeError
2025-11-14 13:38:03 - ERROR - Error reading workspace JSON: JSONDecodeError
2025-11-14 13:38:03 - WARNING - SECURITY: Workspace file too large, skipping
2025-11-14 13:38:03 - WARNING - SECURITY: Workspace file too large, skipping
2025-11-14 13:38:04 - ERROR - Capture script not found, skipping hook install
2025-11-14 13:38:04 - ERROR - Capture script not found, skipping hook install
2025-11-14 13:38:04 - ERROR - Capture script not found, skipping hook install
2025-11-14 13:38:04 - ERROR - Capture script not found, skipping hook install
2025-11-14 13:38:04 - ERROR - Capture script not found, skipping hook install
2025-11-14 13:38:04 - ERROR - Capture script not found, skipping hook install
2025-11-14 13:38:04 - INFO - Ambient Capture Daemon initialized with Phase 4.4 enhancements
2025-11-14 13:38:04 - INFO - Ambient Capture Daemon initialized with Phase 4.4 enhancements
2025-11-14 13:38:04 - INFO - Ambient Capture Daemon initialized with Phase 4.4 enhancements
2025-11-14 13:38:04 - INFO - Ambient Capture Daemon initialized with Phase 4.4 enhancements
2025-11-14 13:38:04 - WARNING - SECURITY: Could not validate terminal history path
2025-11-14 13:38:04 - WARNING - SECURITY: Could not validate terminal history path
2025-11-14 13:38:04 - INFO - Ambient Capture Daemon initialized with Phase 4.4 enhancements
2025-11-14 13:38:04 - INFO - Ambient Capture Daemon initialized with Phase 4.4 enhancements
2025-11-14 13:38:04 - INFO - Logged 1 ambient events to session test-session-id
2025-11-14 13:38:04 - INFO - Logged 1 ambient events to session test-session-id
2025-11-14 13:38:06 - ERROR - Error detecting pattern: KeyError
2025-11-14 13:38:06 - ERROR - Error detecting pattern: KeyError
2025-11-14 13:38:06 - ERROR - Error scoring activity: KeyError
2025-11-14 13:38:06 - ERROR - Error scoring activity: KeyError
2025-11-14 13:38:06 - ERROR - Error summarizing event: KeyError
2025-11-14 13:38:06 - ERROR - Error summarizing event: KeyError
2025-11-14 13:38:09 - ERROR - Tier 1 write error: TypeError: 'Mock' object is not iterable
2025-11-14 13:38:09 - ERROR - Tier 1 write error: TypeError: 'Mock' object is not iterable
2025-11-14 13:38:10 - INFO - Ambient Capture Daemon initialized with Phase 4.4 enhancements
2025-11-14 13:38:10 - INFO - Ambient Capture Daemon initialized with Phase 4.4 enhancements
2025-11-14 13:38:10 - WARNING - SECURITY: Could not validate terminal history path
2025-11-14 13:38:10 - WARNING - SECURITY: Could not validate terminal history path
2025-11-14 13:38:10 - INFO - Ambient Capture Daemon initialized with Phase 4.4 enhancements
2025-11-14 13:38:10 - INFO - Ambient Capture Daemon initialized with Phase 4.4 enhancements
2025-11-14 13:38:11 - INFO - Ambient Capture Daemon initialized with Phase 4.4 enhancements
2025-11-14 13:38:11 - INFO - Ambient Capture Daemon initialized with Phase 4.4 enhancements
2025-11-14 13:38:14 - INFO - Not a git repository, git monitoring disabled
2025-11-14 13:38:14 - INFO - Not a git repository, git monitoring disabled
2025-11-14 13:38:17 - ERROR - Tier 1 write error: TypeError: 'Mock' object is not iterable
2025-11-14 13:38:17 - ERROR - Tier 1 write error: TypeError: 'Mock' object is not iterable
2025-11-14 13:38:18 - INFO - Not a git repository, git monitoring disabled
2025-11-14 13:38:18 - INFO - Not a git repository, git monitoring disabled
2025-11-14 13:38:18 - INFO - Ambient Capture Daemon initialized with Phase 4.4 enhancements
2025-11-14 13:38:18 - INFO - Ambient Capture Daemon initialized with Phase 4.4 enhancements
2025-11-14 13:38:23 - ERROR - Tier 1 write error: AttributeError: 'SessionManager' object has no attribute 'create_session'
2025-11-14 13:38:23 - ERROR - Tier 1 write error: AttributeError: 'SessionManager' object has no attribute 'create_session'
2025-11-14 13:38:41 - WARNING - SECURITY: History file too large
2025-11-14 13:38:41 - WARNING - SECURITY: History file too large
2025-11-14 13:38:41 - ERROR - Error reading workspace JSON: JSONDecodeError
2025-11-14 13:38:41 - ERROR - Error reading workspace JSON: JSONDecodeError
2025-11-14 13:38:41 - WARNING - SECURITY: Workspace file too large, skipping
2025-11-14 13:38:41 - WARNING - SECURITY: Workspace file too large, skipping
2025-11-14 13:38:41 - ERROR - Capture script not found, skipping hook install
2025-11-14 13:38:41 - ERROR - Capture script not found, skipping hook install
2025-11-14 13:38:41 - ERROR - Capture script not found, skipping hook install
2025-11-14 13:38:41 - ERROR - Capture script not found, skipping hook install
2025-11-14 13:38:41 - ERROR - Capture script not found, skipping hook install
2025-11-14 13:38:41 - ERROR - Capture script not found, skipping hook install
2025-11-14 13:38:41 - INFO - Ambient Capture Daemon initialized with Phase 4.4 enhancements
2025-11-14 13:38:41 - INFO - Ambient Capture Daemon initialized with Phase 4.4 enhancements
2025-11-14 13:38:42 - INFO - Ambient Capture Daemon initialized with Phase 4.4 enhancements
2025-11-14 13:38:42 - INFO - Ambient Capture Daemon initialized with Phase 4.4 enhancements
2025-11-14 13:38:42 - WARNING - SECURITY: Could not validate terminal history path
2025-11-14 13:38:42 - WARNING - SECURITY: Could not validate terminal history path
2025-11-14 13:38:42 - INFO - Ambient Capture Daemon initialized with Phase 4.4 enhancements
2025-11-14 13:38:42 - INFO - Ambient Capture Daemon initialized with Phase 4.4 enhancements
2025-11-14 13:38:42 - INFO - Logged 1 ambient events to session test-session-id
2025-11-14 13:38:42 - INFO - Logged 1 ambient events to session test-session-id
2025-11-14 13:38:44 - ERROR - Error detecting pattern: KeyError
2025-11-14 13:38:44 - ERROR - Error detecting pattern: KeyError
2025-11-14 13:38:44 - ERROR - Error scoring activity: KeyError
2025-11-14 13:38:44 - ERROR - Error scoring activity: KeyError
2025-11-14 13:38:44 - ERROR - Error summarizing event: KeyError
2025-11-14 13:38:44 - ERROR - Error summarizing event: KeyError
2025-11-14 13:38:47 - ERROR - Tier 1 write error: TypeError: 'Mock' object is not iterable
2025-11-14 13:38:47 - ERROR - Tier 1 write error: TypeError: 'Mock' object is not iterable
2025-11-14 13:38:48 - INFO - Ambient Capture Daemon initialized with Phase 4.4 enhancements
2025-11-14 13:38:48 - INFO - Ambient Capture Daemon initialized with Phase 4.4 enhancements
2025-11-14 13:38:48 - WARNING - SECURITY: Could not validate terminal history path
2025-11-14 13:38:48 - WARNING - SECURITY: Could not validate terminal history path
2025-11-14 13:38:48 - INFO - Ambient Capture Daemon initialized with Phase 4.4 enhancements
2025-11-14 13:38:48 - INFO - Ambient Capture Daemon initialized with Phase 4.4 enhancements
2025-11-14 13:38:48 - INFO - Ambient Capture Daemon initialized with Phase 4.4 enhancements
2025-11-14 13:38:48 - INFO - Ambient Capture Daemon initialized with Phase 4.4 enhancements
2025-11-14 13:38:52 - INFO - Not a git repository, git monitoring disabled
2025-11-14 13:38:52 - INFO - Not a git repository, git monitoring disabled
2025-11-14 13:38:54 - ERROR - Tier 1 write error: TypeError: 'Mock' object is not iterable
2025-11-14 13:38:54 - ERROR - Tier 1 write error: TypeError: 'Mock' object is not iterable
2025-11-14 13:38:55 - INFO - Not a git repository, git monitoring disabled
2025-11-14 13:38:55 - INFO - Not a git repository, git monitoring disabled
2025-11-14 13:38:55 - INFO - Ambient Capture Daemon initialized with Phase 4.4 enhancements
2025-11-14 13:38:55 - INFO - Ambient Capture Daemon initialized with Phase 4.4 enhancements
2025-11-14 13:46:17 - WARNING - SECURITY: History file too large
2025-11-14 13:46:17 - WARNING - SECURITY: History file too large
2025-11-14 13:46:17 - ERROR - Error reading workspace JSON: JSONDecodeError
2025-11-14 13:46:17 - ERROR - Error reading workspace JSON: JSONDecodeError
2025-11-14 13:46:17 - WARNING - SECURITY: Workspace file too large, skipping
2025-11-14 13:46:17 - WARNING - SECURITY: Workspace file too large, skipping
2025-11-14 13:46:17 - ERROR - Capture script not found, skipping hook install
2025-11-14 13:46:17 - ERROR - Capture script not found, skipping hook install
2025-11-14 13:46:17 - ERROR - Capture script not found, skipping hook install
2025-11-14 13:46:17 - ERROR - Capture script not found, skipping hook install
2025-11-14 13:46:17 - ERROR - Capture script not found, skipping hook install
2025-11-14 13:46:17 - ERROR - Capture script not found, skipping hook install
2025-11-14 13:46:17 - INFO - Ambient Capture Daemon initialized with Phase 4.4 enhancements
2025-11-14 13:46:17 - INFO - Ambient Capture Daemon initialized with Phase 4.4 enhancements
2025-11-14 13:46:17 - INFO - Ambient Capture Daemon initialized with Phase 4.4 enhancements
2025-11-14 13:46:17 - INFO - Ambient Capture Daemon initialized with Phase 4.4 enhancements
2025-11-14 13:46:17 - WARNING - SECURITY: Could not validate terminal history path
2025-11-14 13:46:17 - WARNING - SECURITY: Could not validate terminal history path
2025-11-14 13:46:17 - INFO - Ambient Capture Daemon initialized with Phase 4.4 enhancements
2025-11-14 13:46:17 - INFO - Ambient Capture Daemon initialized with Phase 4.4 enhancements
2025-11-14 13:46:18 - INFO - Logged 1 ambient events to session test-session-id
2025-11-14 13:46:18 - INFO - Logged 1 ambient events to session test-session-id
2025-11-14 13:46:23 - ERROR - Tier 1 write error: TypeError: 'Mock' object is not iterable
2025-11-14 13:46:23 - ERROR - Tier 1 write error: TypeError: 'Mock' object is not iterable
2025-11-14 13:46:24 - INFO - Ambient Capture Daemon initialized with Phase 4.4 enhancements
2025-11-14 13:46:24 - INFO - Ambient Capture Daemon initialized with Phase 4.4 enhancements
2025-11-14 13:46:24 - WARNING - SECURITY: Could not validate terminal history path
2025-11-14 13:46:24 - WARNING - SECURITY: Could not validate terminal history path
2025-11-14 13:46:24 - INFO - Ambient Capture Daemon initialized with Phase 4.4 enhancements
2025-11-14 13:46:24 - INFO - Ambient Capture Daemon initialized with Phase 4.4 enhancements
2025-11-14 13:46:24 - INFO - Ambient Capture Daemon initialized with Phase 4.4 enhancements
2025-11-14 13:46:24 - INFO - Ambient Capture Daemon initialized with Phase 4.4 enhancements
2025-11-14 13:46:28 - INFO - Not a git repository, git monitoring disabled
2025-11-14 13:46:28 - INFO - Not a git repository, git monitoring disabled
2025-11-14 13:46:30 - ERROR - Tier 1 write error: TypeError: 'Mock' object is not iterable
2025-11-14 13:46:30 - ERROR - Tier 1 write error: TypeError: 'Mock' object is not iterable
2025-11-14 13:46:31 - INFO - Not a git repository, git monitoring disabled
2025-11-14 13:46:31 - INFO - Not a git repository, git monitoring disabled
2025-11-14 13:46:31 - INFO - Ambient Capture Daemon initialized with Phase 4.4 enhancements
2025-11-14 13:46:31 - INFO - Ambient Capture Daemon initialized with Phase 4.4 enhancements
2025-11-14 13:51:54 - WARNING - SECURITY: History file too large
2025-11-14 13:51:54 - WARNING - SECURITY: History file too large
2025-11-14 13:51:54 - ERROR - Error reading workspace JSON: JSONDecodeError
2025-11-14 13:51:54 - ERROR - Error reading workspace JSON: JSONDecodeError
2025-11-14 13:51:54 - WARNING - SECURITY: Workspace file too large, skipping
2025-11-14 13:51:54 - WARNING - SECURITY: Workspace file too large, skipping
2025-11-14 13:51:54 - ERROR - Capture script not found, skipping hook install
2025-11-14 13:51:54 - ERROR - Capture script not found, skipping hook install
2025-11-14 13:51:54 - ERROR - Capture script not found, skipping hook install
2025-11-14 13:51:54 - ERROR - Capture script not found, skipping hook install
2025-11-14 13:51:54 - ERROR - Capture script not found, skipping hook install
2025-11-14 13:51:54 - ERROR - Capture script not found, skipping hook install
2025-11-14 13:51:54 - INFO - Ambient Capture Daemon initialized with Phase 4.4 enhancements
2025-11-14 13:51:54 - INFO - Ambient Capture Daemon initialized with Phase 4.4 enhancements
2025-11-14 13:51:54 - INFO - Ambient Capture Daemon initialized with Phase 4.4 enhancements
2025-11-14 13:51:54 - INFO - Ambient Capture Daemon initialized with Phase 4.4 enhancements
2025-11-14 13:51:54 - WARNING - SECURITY: Could not validate terminal history path
2025-11-14 13:51:54 - WARNING - SECURITY: Could not validate terminal history path
2025-11-14 13:51:54 - INFO - Ambient Capture Daemon initialized with Phase 4.4 enhancements
2025-11-14 13:51:54 - INFO - Ambient Capture Daemon initialized with Phase 4.4 enhancements
2025-11-14 13:51:55 - INFO - Logged 1 ambient events to session test-session-id
2025-11-14 13:51:55 - INFO - Logged 1 ambient events to session test-session-id
2025-11-14 13:52:00 - ERROR - Tier 1 write error: TypeError: 'Mock' object is not iterable
2025-11-14 13:52:00 - ERROR - Tier 1 write error: TypeError: 'Mock' object is not iterable
2025-11-14 13:52:01 - INFO - Ambient Capture Daemon initialized with Phase 4.4 enhancements
2025-11-14 13:52:01 - INFO - Ambient Capture Daemon initialized with Phase 4.4 enhancements
2025-11-14 13:52:01 - WARNING - SECURITY: Could not validate terminal history path
2025-11-14 13:52:01 - WARNING - SECURITY: Could not validate terminal history path
2025-11-14 13:52:01 - INFO - Ambient Capture Daemon initialized with Phase 4.4 enhancements
2025-11-14 13:52:01 - INFO - Ambient Capture Daemon initialized with Phase 4.4 enhancements
2025-11-14 13:52:01 - INFO - Ambient Capture Daemon initialized with Phase 4.4 enhancements
2025-11-14 13:52:01 - INFO - Ambient Capture Daemon initialized with Phase 4.4 enhancements
2025-11-14 13:52:05 - INFO - Not a git repository, git monitoring disabled
2025-11-14 13:52:05 - INFO - Not a git repository, git monitoring disabled
2025-11-14 13:52:07 - ERROR - Tier 1 write error: TypeError: 'Mock' object is not iterable
2025-11-14 13:52:07 - ERROR - Tier 1 write error: TypeError: 'Mock' object is not iterable
2025-11-14 13:52:08 - INFO - Not a git repository, git monitoring disabled
2025-11-14 13:52:08 - INFO - Not a git repository, git monitoring disabled
2025-11-14 13:52:08 - INFO - Ambient Capture Daemon initialized with Phase 4.4 enhancements
2025-11-14 13:52:08 - INFO - Ambient Capture Daemon initialized with Phase 4.4 enhancements
2025-11-14 14:00:14 - WARNING - SECURITY: History file too large
2025-11-14 14:00:14 - WARNING - SECURITY: History file too large
2025-11-14 14:00:14 - ERROR - Error reading workspace JSON: JSONDecodeError
2025-11-14 14:00:14 - ERROR - Error reading workspace JSON: JSONDecodeError
2025-11-14 14:00:14 - WARNING - SECURITY: Workspace file too large, skipping
2025-11-14 14:00:14 - WARNING - SECURITY: Workspace file too large, skipping
2025-11-14 14:00:14 - ERROR - Capture script not found, skipping hook install
2025-11-14 14:00:14 - ERROR - Capture script not found, skipping hook install
2025-11-14 14:00:14 - ERROR - Capture script not found, skipping hook install
2025-11-14 14:00:14 - ERROR - Capture script not found, skipping hook install
2025-11-14 14:00:14 - ERROR - Capture script not found, skipping hook install
2025-11-14 14:00:14 - ERROR - Capture script not found, skipping hook install
2025-11-14 14:00:14 - INFO - Ambient Capture Daemon initialized with Phase 4.4 enhancements
2025-11-14 14:00:14 - INFO - Ambient Capture Daemon initialized with Phase 4.4 enhancements
2025-11-14 14:00:14 - INFO - Ambient Capture Daemon initialized with Phase 4.4 enhancements
2025-11-14 14:00:14 - INFO - Ambient Capture Daemon initialized with Phase 4.4 enhancements
2025-11-14 14:00:14 - WARNING - SECURITY: Could not validate terminal history path
2025-11-14 14:00:14 - WARNING - SECURITY: Could not validate terminal history path
2025-11-14 14:00:14 - INFO - Ambient Capture Daemon initialized with Phase 4.4 enhancements
2025-11-14 14:00:14 - INFO - Ambient Capture Daemon initialized with Phase 4.4 enhancements
2025-11-14 14:00:15 - INFO - Logged 1 ambient events to session test-session-id
2025-11-14 14:00:15 - INFO - Logged 1 ambient events to session test-session-id
2025-11-14 14:00:20 - ERROR - Tier 1 write error: TypeError: 'Mock' object is not iterable
2025-11-14 14:00:20 - ERROR - Tier 1 write error: TypeError: 'Mock' object is not iterable
2025-11-14 14:00:21 - INFO - Ambient Capture Daemon initialized with Phase 4.4 enhancements
2025-11-14 14:00:21 - INFO - Ambient Capture Daemon initialized with Phase 4.4 enhancements
2025-11-14 14:00:21 - WARNING - SECURITY: Could not validate terminal history path
2025-11-14 14:00:21 - WARNING - SECURITY: Could not validate terminal history path
2025-11-14 14:00:21 - INFO - Ambient Capture Daemon initialized with Phase 4.4 enhancements
2025-11-14 14:00:21 - INFO - Ambient Capture Daemon initialized with Phase 4.4 enhancements
2025-11-14 14:00:21 - INFO - Ambient Capture Daemon initialized with Phase 4.4 enhancements
2025-11-14 14:00:21 - INFO - Ambient Capture Daemon initialized with Phase 4.4 enhancements
2025-11-14 14:00:25 - INFO - Not a git repository, git monitoring disabled
2025-11-14 14:00:25 - INFO - Not a git repository, git monitoring disabled
2025-11-14 14:00:27 - ERROR - Tier 1 write error: TypeError: 'Mock' object is not iterable
2025-11-14 14:00:27 - ERROR - Tier 1 write error: TypeError: 'Mock' object is not iterable
2025-11-14 14:00:28 - INFO - Not a git repository, git monitoring disabled
2025-11-14 14:00:28 - INFO - Not a git repository, git monitoring disabled
2025-11-14 14:00:28 - INFO - Ambient Capture Daemon initialized with Phase 4.4 enhancements
2025-11-14 14:00:28 - INFO - Ambient Capture Daemon initialized with Phase 4.4 enhancements
2025-11-14 14:01:46 - WARNING - SECURITY: History file too large
2025-11-14 14:01:46 - WARNING - SECURITY: History file too large
2025-11-14 14:01:46 - ERROR - Error reading workspace JSON: JSONDecodeError
2025-11-14 14:01:46 - ERROR - Error reading workspace JSON: JSONDecodeError
2025-11-14 14:01:46 - WARNING - SECURITY: Workspace file too large, skipping
2025-11-14 14:01:46 - WARNING - SECURITY: Workspace file too large, skipping
2025-11-14 14:01:46 - ERROR - Capture script not found, skipping hook install
2025-11-14 14:01:46 - ERROR - Capture script not found, skipping hook install
2025-11-14 14:01:46 - ERROR - Capture script not found, skipping hook install
2025-11-14 14:01:46 - ERROR - Capture script not found, skipping hook install
2025-11-14 14:01:46 - ERROR - Capture script not found, skipping hook install
2025-11-14 14:01:46 - ERROR - Capture script not found, skipping hook install
2025-11-14 14:01:46 - INFO - Ambient Capture Daemon initialized with Phase 4.4 enhancements
2025-11-14 14:01:46 - INFO - Ambient Capture Daemon initialized with Phase 4.4 enhancements
2025-11-14 14:01:46 - INFO - Ambient Capture Daemon initialized with Phase 4.4 enhancements
2025-11-14 14:01:46 - INFO - Ambient Capture Daemon initialized with Phase 4.4 enhancements
2025-11-14 14:01:46 - WARNING - SECURITY: Could not validate terminal history path
2025-11-14 14:01:46 - WARNING - SECURITY: Could not validate terminal history path
2025-11-14 14:01:46 - INFO - Ambient Capture Daemon initialized with Phase 4.4 enhancements
2025-11-14 14:01:46 - INFO - Ambient Capture Daemon initialized with Phase 4.4 enhancements
2025-11-14 14:01:47 - INFO - Logged 1 ambient events to session test-session-id
2025-11-14 14:01:47 - INFO - Logged 1 ambient events to session test-session-id
2025-11-14 14:01:48 - ERROR - Error detecting pattern: KeyError
2025-11-14 14:01:48 - ERROR - Error detecting pattern: KeyError
2025-11-14 14:01:48 - ERROR - Error scoring activity: KeyError
2025-11-14 14:01:48 - ERROR - Error scoring activity: KeyError
2025-11-14 14:01:48 - ERROR - Error summarizing event: KeyError
2025-11-14 14:01:48 - ERROR - Error summarizing event: KeyError
2025-11-14 14:01:52 - ERROR - Tier 1 write error: TypeError: 'Mock' object is not iterable
2025-11-14 14:01:52 - ERROR - Tier 1 write error: TypeError: 'Mock' object is not iterable
2025-11-14 14:01:53 - INFO - Ambient Capture Daemon initialized with Phase 4.4 enhancements
2025-11-14 14:01:53 - INFO - Ambient Capture Daemon initialized with Phase 4.4 enhancements
2025-11-14 14:01:53 - WARNING - SECURITY: Could not validate terminal history path
2025-11-14 14:01:53 - WARNING - SECURITY: Could not validate terminal history path
2025-11-14 14:01:53 - INFO - Ambient Capture Daemon initialized with Phase 4.4 enhancements
2025-11-14 14:01:53 - INFO - Ambient Capture Daemon initialized with Phase 4.4 enhancements
2025-11-14 14:01:53 - INFO - Ambient Capture Daemon initialized with Phase 4.4 enhancements
2025-11-14 14:01:53 - INFO - Ambient Capture Daemon initialized with Phase 4.4 enhancements
2025-11-14 14:01:56 - INFO - Not a git repository, git monitoring disabled
2025-11-14 14:01:56 - INFO - Not a git repository, git monitoring disabled
2025-11-14 14:01:59 - ERROR - Tier 1 write error: TypeError: 'Mock' object is not iterable
2025-11-14 14:01:59 - ERROR - Tier 1 write error: TypeError: 'Mock' object is not iterable
2025-11-14 14:02:00 - INFO - Not a git repository, git monitoring disabled
2025-11-14 14:02:00 - INFO - Not a git repository, git monitoring disabled
2025-11-14 14:02:00 - INFO - Ambient Capture Daemon initialized with Phase 4.4 enhancements
2025-11-14 14:02:00 - INFO - Ambient Capture Daemon initialized with Phase 4.4 enhancements
2025-11-14 14:02:05 - ERROR - Tier 1 write error: AttributeError: 'SessionManager' object has no attribute 'create_session'
2025-11-14 14:02:05 - ERROR - Tier 1 write error: AttributeError: 'SessionManager' object has no attribute 'create_session'
2025-11-14 14:02:22 - WARNING - SECURITY: History file too large
2025-11-14 14:02:22 - WARNING - SECURITY: History file too large
2025-11-14 14:02:22 - ERROR - Error reading workspace JSON: JSONDecodeError
2025-11-14 14:02:22 - ERROR - Error reading workspace JSON: JSONDecodeError
2025-11-14 14:02:22 - WARNING - SECURITY: Workspace file too large, skipping
2025-11-14 14:02:22 - WARNING - SECURITY: Workspace file too large, skipping
2025-11-14 14:02:22 - ERROR - Capture script not found, skipping hook install
2025-11-14 14:02:22 - ERROR - Capture script not found, skipping hook install
2025-11-14 14:02:22 - ERROR - Capture script not found, skipping hook install
2025-11-14 14:02:22 - ERROR - Capture script not found, skipping hook install
2025-11-14 14:02:22 - ERROR - Capture script not found, skipping hook install
2025-11-14 14:02:22 - ERROR - Capture script not found, skipping hook install
2025-11-14 14:02:22 - INFO - Ambient Capture Daemon initialized with Phase 4.4 enhancements
2025-11-14 14:02:22 - INFO - Ambient Capture Daemon initialized with Phase 4.4 enhancements
2025-11-14 14:02:22 - INFO - Ambient Capture Daemon initialized with Phase 4.4 enhancements
2025-11-14 14:02:22 - INFO - Ambient Capture Daemon initialized with Phase 4.4 enhancements
2025-11-14 14:02:22 - WARNING - SECURITY: Could not validate terminal history path
2025-11-14 14:02:22 - WARNING - SECURITY: Could not validate terminal history path
2025-11-14 14:02:22 - INFO - Ambient Capture Daemon initialized with Phase 4.4 enhancements
2025-11-14 14:02:22 - INFO - Ambient Capture Daemon initialized with Phase 4.4 enhancements
2025-11-14 14:02:23 - INFO - Logged 1 ambient events to session test-session-id
2025-11-14 14:02:23 - INFO - Logged 1 ambient events to session test-session-id
2025-11-14 14:02:24 - ERROR - Error detecting pattern: KeyError
2025-11-14 14:02:24 - ERROR - Error detecting pattern: KeyError
2025-11-14 14:02:24 - ERROR - Error scoring activity: KeyError
2025-11-14 14:02:24 - ERROR - Error scoring activity: KeyError
2025-11-14 14:02:24 - ERROR - Error summarizing event: KeyError
2025-11-14 14:02:24 - ERROR - Error summarizing event: KeyError
2025-11-14 14:02:28 - ERROR - Tier 1 write error: TypeError: 'Mock' object is not iterable
2025-11-14 14:02:28 - ERROR - Tier 1 write error: TypeError: 'Mock' object is not iterable
2025-11-14 14:02:29 - INFO - Ambient Capture Daemon initialized with Phase 4.4 enhancements
2025-11-14 14:02:29 - INFO - Ambient Capture Daemon initialized with Phase 4.4 enhancements
2025-11-14 14:02:29 - WARNING - SECURITY: Could not validate terminal history path
2025-11-14 14:02:29 - WARNING - SECURITY: Could not validate terminal history path
2025-11-14 14:02:29 - INFO - Ambient Capture Daemon initialized with Phase 4.4 enhancements
2025-11-14 14:02:29 - INFO - Ambient Capture Daemon initialized with Phase 4.4 enhancements
2025-11-14 14:02:29 - INFO - Ambient Capture Daemon initialized with Phase 4.4 enhancements
2025-11-14 14:02:29 - INFO - Ambient Capture Daemon initialized with Phase 4.4 enhancements
2025-11-14 14:02:33 - INFO - Not a git repository, git monitoring disabled
2025-11-14 14:02:33 - INFO - Not a git repository, git monitoring disabled
2025-11-14 14:02:35 - ERROR - Tier 1 write error: TypeError: 'Mock' object is not iterable
2025-11-14 14:02:35 - ERROR - Tier 1 write error: TypeError: 'Mock' object is not iterable
2025-11-14 14:02:36 - INFO - Not a git repository, git monitoring disabled
2025-11-14 14:02:36 - INFO - Not a git repository, git monitoring disabled
2025-11-14 14:02:36 - INFO - Ambient Capture Daemon initialized with Phase 4.4 enhancements
2025-11-14 14:02:36 - INFO - Ambient Capture Daemon initialized with Phase 4.4 enhancements
2025-11-14 14:05:33 - WARNING - SECURITY: History file too large
2025-11-14 14:05:33 - WARNING - SECURITY: History file too large
2025-11-14 14:05:33 - ERROR - Error reading workspace JSON: JSONDecodeError
2025-11-14 14:05:33 - ERROR - Error reading workspace JSON: JSONDecodeError
2025-11-14 14:05:33 - WARNING - SECURITY: Workspace file too large, skipping
2025-11-14 14:05:33 - WARNING - SECURITY: Workspace file too large, skipping
2025-11-14 14:05:33 - ERROR - Capture script not found, skipping hook install
2025-11-14 14:05:33 - ERROR - Capture script not found, skipping hook install
2025-11-14 14:05:33 - ERROR - Capture script not found, skipping hook install
2025-11-14 14:05:33 - ERROR - Capture script not found, skipping hook install
2025-11-14 14:05:33 - ERROR - Capture script not found, skipping hook install
2025-11-14 14:05:33 - ERROR - Capture script not found, skipping hook install
2025-11-14 14:05:33 - INFO - Ambient Capture Daemon initialized with Phase 4.4 enhancements
2025-11-14 14:05:33 - INFO - Ambient Capture Daemon initialized with Phase 4.4 enhancements
2025-11-14 14:05:33 - INFO - Ambient Capture Daemon initialized with Phase 4.4 enhancements
2025-11-14 14:05:33 - INFO - Ambient Capture Daemon initialized with Phase 4.4 enhancements
2025-11-14 14:05:33 - WARNING - SECURITY: Could not validate terminal history path
2025-11-14 14:05:33 - WARNING - SECURITY: Could not validate terminal history path
2025-11-14 14:05:33 - INFO - Ambient Capture Daemon initialized with Phase 4.4 enhancements
2025-11-14 14:05:33 - INFO - Ambient Capture Daemon initialized with Phase 4.4 enhancements
2025-11-14 14:05:34 - INFO - Logged 1 ambient events to session test-session-id
2025-11-14 14:05:34 - INFO - Logged 1 ambient events to session test-session-id
2025-11-14 14:05:35 - ERROR - Error detecting pattern: KeyError
2025-11-14 14:05:35 - ERROR - Error detecting pattern: KeyError
2025-11-14 14:05:35 - ERROR - Error scoring activity: KeyError
2025-11-14 14:05:35 - ERROR - Error scoring activity: KeyError
2025-11-14 14:05:35 - ERROR - Error summarizing event: KeyError
2025-11-14 14:05:35 - ERROR - Error summarizing event: KeyError
2025-11-14 14:05:39 - ERROR - Tier 1 write error: TypeError: 'Mock' object is not iterable
2025-11-14 14:05:39 - ERROR - Tier 1 write error: TypeError: 'Mock' object is not iterable
2025-11-14 14:05:40 - INFO - Ambient Capture Daemon initialized with Phase 4.4 enhancements
2025-11-14 14:05:40 - INFO - Ambient Capture Daemon initialized with Phase 4.4 enhancements
2025-11-14 14:05:40 - WARNING - SECURITY: Could not validate terminal history path
2025-11-14 14:05:40 - WARNING - SECURITY: Could not validate terminal history path
2025-11-14 14:05:40 - INFO - Ambient Capture Daemon initialized with Phase 4.4 enhancements
2025-11-14 14:05:40 - INFO - Ambient Capture Daemon initialized with Phase 4.4 enhancements
2025-11-14 14:05:40 - INFO - Ambient Capture Daemon initialized with Phase 4.4 enhancements
2025-11-14 14:05:40 - INFO - Ambient Capture Daemon initialized with Phase 4.4 enhancements
2025-11-14 14:05:44 - INFO - Not a git repository, git monitoring disabled
2025-11-14 14:05:44 - INFO - Not a git repository, git monitoring disabled
2025-11-14 14:05:46 - ERROR - Tier 1 write error: TypeError: 'Mock' object is not iterable
2025-11-14 14:05:46 - ERROR - Tier 1 write error: TypeError: 'Mock' object is not iterable
2025-11-14 14:05:47 - INFO - Not a git repository, git monitoring disabled
2025-11-14 14:05:47 - INFO - Not a git repository, git monitoring disabled
2025-11-14 14:05:47 - INFO - Ambient Capture Daemon initialized with Phase 4.4 enhancements
2025-11-14 14:05:47 - INFO - Ambient Capture Daemon initialized with Phase 4.4 enhancements
2025-11-14 14:07:22 - WARNING - SECURITY: History file too large
2025-11-14 14:07:22 - WARNING - SECURITY: History file too large
2025-11-14 14:07:22 - ERROR - Error reading workspace JSON: JSONDecodeError
2025-11-14 14:07:22 - ERROR - Error reading workspace JSON: JSONDecodeError
2025-11-14 14:07:22 - WARNING - SECURITY: Workspace file too large, skipping
2025-11-14 14:07:22 - WARNING - SECURITY: Workspace file too large, skipping
2025-11-14 14:07:22 - ERROR - Capture script not found, skipping hook install
2025-11-14 14:07:22 - ERROR - Capture script not found, skipping hook install
2025-11-14 14:07:22 - ERROR - Capture script not found, skipping hook install
2025-11-14 14:07:22 - ERROR - Capture script not found, skipping hook install
2025-11-14 14:07:22 - ERROR - Capture script not found, skipping hook install
2025-11-14 14:07:22 - ERROR - Capture script not found, skipping hook install
2025-11-14 14:07:22 - INFO - Ambient Capture Daemon initialized with Phase 4.4 enhancements
2025-11-14 14:07:22 - INFO - Ambient Capture Daemon initialized with Phase 4.4 enhancements
2025-11-14 14:07:22 - INFO - Ambient Capture Daemon initialized with Phase 4.4 enhancements
2025-11-14 14:07:22 - INFO - Ambient Capture Daemon initialized with Phase 4.4 enhancements
2025-11-14 14:07:22 - WARNING - SECURITY: Could not validate terminal history path
2025-11-14 14:07:22 - WARNING - SECURITY: Could not validate terminal history path
2025-11-14 14:07:22 - INFO - Ambient Capture Daemon initialized with Phase 4.4 enhancements
2025-11-14 14:07:22 - INFO - Ambient Capture Daemon initialized with Phase 4.4 enhancements
2025-11-14 14:07:23 - INFO - Logged 1 ambient events to session test-session-id
2025-11-14 14:07:23 - INFO - Logged 1 ambient events to session test-session-id
2025-11-14 14:07:24 - ERROR - Error detecting pattern: KeyError
2025-11-14 14:07:24 - ERROR - Error detecting pattern: KeyError
2025-11-14 14:07:24 - ERROR - Error scoring activity: KeyError
2025-11-14 14:07:24 - ERROR - Error scoring activity: KeyError
2025-11-14 14:07:24 - ERROR - Error summarizing event: KeyError
2025-11-14 14:07:24 - ERROR - Error summarizing event: KeyError
2025-11-14 14:07:28 - ERROR - Tier 1 write error: TypeError: 'Mock' object is not iterable
2025-11-14 14:07:28 - ERROR - Tier 1 write error: TypeError: 'Mock' object is not iterable
2025-11-14 14:07:29 - INFO - Ambient Capture Daemon initialized with Phase 4.4 enhancements
2025-11-14 14:07:29 - INFO - Ambient Capture Daemon initialized with Phase 4.4 enhancements
2025-11-14 14:07:29 - WARNING - SECURITY: Could not validate terminal history path
2025-11-14 14:07:29 - WARNING - SECURITY: Could not validate terminal history path
2025-11-14 14:07:29 - INFO - Ambient Capture Daemon initialized with Phase 4.4 enhancements
2025-11-14 14:07:29 - INFO - Ambient Capture Daemon initialized with Phase 4.4 enhancements
2025-11-14 14:07:29 - INFO - Ambient Capture Daemon initialized with Phase 4.4 enhancements
2025-11-14 14:07:29 - INFO - Ambient Capture Daemon initialized with Phase 4.4 enhancements
2025-11-14 14:07:32 - INFO - Not a git repository, git monitoring disabled
2025-11-14 14:07:32 - INFO - Not a git repository, git monitoring disabled
2025-11-14 14:07:35 - ERROR - Tier 1 write error: TypeError: 'Mock' object is not iterable
2025-11-14 14:07:35 - ERROR - Tier 1 write error: TypeError: 'Mock' object is not iterable
2025-11-14 14:07:36 - INFO - Not a git repository, git monitoring disabled
2025-11-14 14:07:36 - INFO - Not a git repository, git monitoring disabled
2025-11-14 14:07:36 - INFO - Ambient Capture Daemon initialized with Phase 4.4 enhancements
2025-11-14 14:07:36 - INFO - Ambient Capture Daemon initialized with Phase 4.4 enhancements
2025-11-14 14:07:41 - ERROR - Tier 1 write error: AttributeError: 'SessionManager' object has no attribute 'create_session'
2025-11-14 14:07:41 - ERROR - Tier 1 write error: AttributeError: 'SessionManager' object has no attribute 'create_session'
2025-11-14 14:08:00 - WARNING - SECURITY: History file too large
2025-11-14 14:08:00 - WARNING - SECURITY: History file too large
2025-11-14 14:08:00 - ERROR - Error reading workspace JSON: JSONDecodeError
2025-11-14 14:08:00 - ERROR - Error reading workspace JSON: JSONDecodeError
2025-11-14 14:08:00 - WARNING - SECURITY: Workspace file too large, skipping
2025-11-14 14:08:00 - WARNING - SECURITY: Workspace file too large, skipping
2025-11-14 14:08:00 - ERROR - Capture script not found, skipping hook install
2025-11-14 14:08:00 - ERROR - Capture script not found, skipping hook install
2025-11-14 14:08:00 - ERROR - Capture script not found, skipping hook install
2025-11-14 14:08:00 - ERROR - Capture script not found, skipping hook install
2025-11-14 14:08:00 - ERROR - Capture script not found, skipping hook install
2025-11-14 14:08:00 - ERROR - Capture script not found, skipping hook install
2025-11-14 14:08:00 - INFO - Ambient Capture Daemon initialized with Phase 4.4 enhancements
2025-11-14 14:08:00 - INFO - Ambient Capture Daemon initialized with Phase 4.4 enhancements
2025-11-14 14:08:00 - INFO - Ambient Capture Daemon initialized with Phase 4.4 enhancements
2025-11-14 14:08:00 - INFO - Ambient Capture Daemon initialized with Phase 4.4 enhancements
2025-11-14 14:08:00 - WARNING - SECURITY: Could not validate terminal history path
2025-11-14 14:08:00 - WARNING - SECURITY: Could not validate terminal history path
2025-11-14 14:08:00 - INFO - Ambient Capture Daemon initialized with Phase 4.4 enhancements
2025-11-14 14:08:00 - INFO - Ambient Capture Daemon initialized with Phase 4.4 enhancements
2025-11-14 14:08:01 - INFO - Logged 1 ambient events to session test-session-id
2025-11-14 14:08:01 - INFO - Logged 1 ambient events to session test-session-id
2025-11-14 14:08:02 - ERROR - Error detecting pattern: KeyError
2025-11-14 14:08:02 - ERROR - Error detecting pattern: KeyError
2025-11-14 14:08:02 - ERROR - Error scoring activity: KeyError
2025-11-14 14:08:02 - ERROR - Error scoring activity: KeyError
2025-11-14 14:08:02 - ERROR - Error summarizing event: KeyError
2025-11-14 14:08:02 - ERROR - Error summarizing event: KeyError
2025-11-14 14:08:05 - ERROR - Tier 1 write error: TypeError: 'Mock' object is not iterable
2025-11-14 14:08:05 - ERROR - Tier 1 write error: TypeError: 'Mock' object is not iterable
2025-11-14 14:08:06 - INFO - Ambient Capture Daemon initialized with Phase 4.4 enhancements
2025-11-14 14:08:06 - INFO - Ambient Capture Daemon initialized with Phase 4.4 enhancements
2025-11-14 14:08:06 - WARNING - SECURITY: Could not validate terminal history path
2025-11-14 14:08:06 - WARNING - SECURITY: Could not validate terminal history path
2025-11-14 14:08:06 - INFO - Ambient Capture Daemon initialized with Phase 4.4 enhancements
2025-11-14 14:08:06 - INFO - Ambient Capture Daemon initialized with Phase 4.4 enhancements
2025-11-14 14:08:07 - INFO - Ambient Capture Daemon initialized with Phase 4.4 enhancements
2025-11-14 14:08:07 - INFO - Ambient Capture Daemon initialized with Phase 4.4 enhancements
2025-11-14 14:08:10 - INFO - Not a git repository, git monitoring disabled
2025-11-14 14:08:10 - INFO - Not a git repository, git monitoring disabled
2025-11-14 14:08:13 - ERROR - Tier 1 write error: TypeError: 'Mock' object is not iterable
2025-11-14 14:08:13 - ERROR - Tier 1 write error: TypeError: 'Mock' object is not iterable
2025-11-14 14:08:14 - INFO - Not a git repository, git monitoring disabled
2025-11-14 14:08:14 - INFO - Not a git repository, git monitoring disabled
2025-11-14 14:08:14 - INFO - Ambient Capture Daemon initialized with Phase 4.4 enhancements
2025-11-14 14:08:14 - INFO - Ambient Capture Daemon initialized with Phase 4.4 enhancements
2025-11-14 14:08:19 - ERROR - Tier 1 write error: AttributeError: 'SessionManager' object has no attribute 'create_session'
2025-11-14 14:08:19 - ERROR - Tier 1 write error: AttributeError: 'SessionManager' object has no attribute 'create_session'
2025-11-14 14:13:07 - WARNING - SECURITY: History file too large
2025-11-14 14:13:07 - WARNING - SECURITY: History file too large
2025-11-14 14:13:07 - ERROR - Error reading workspace JSON: JSONDecodeError
2025-11-14 14:13:07 - ERROR - Error reading workspace JSON: JSONDecodeError
2025-11-14 14:13:07 - WARNING - SECURITY: Workspace file too large, skipping
2025-11-14 14:13:07 - WARNING - SECURITY: Workspace file too large, skipping
2025-11-14 14:13:07 - ERROR - Capture script not found, skipping hook install
2025-11-14 14:13:07 - ERROR - Capture script not found, skipping hook install
2025-11-14 14:13:07 - ERROR - Capture script not found, skipping hook install
2025-11-14 14:13:07 - ERROR - Capture script not found, skipping hook install
2025-11-14 14:13:07 - ERROR - Capture script not found, skipping hook install
2025-11-14 14:13:07 - ERROR - Capture script not found, skipping hook install
2025-11-14 14:13:07 - INFO - Ambient Capture Daemon initialized with Phase 4.4 enhancements
2025-11-14 14:13:07 - INFO - Ambient Capture Daemon initialized with Phase 4.4 enhancements
2025-11-14 14:13:07 - INFO - Ambient Capture Daemon initialized with Phase 4.4 enhancements
2025-11-14 14:13:07 - INFO - Ambient Capture Daemon initialized with Phase 4.4 enhancements
2025-11-14 14:13:07 - WARNING - SECURITY: Could not validate terminal history path
2025-11-14 14:13:07 - WARNING - SECURITY: Could not validate terminal history path
2025-11-14 14:13:07 - INFO - Ambient Capture Daemon initialized with Phase 4.4 enhancements
2025-11-14 14:13:07 - INFO - Ambient Capture Daemon initialized with Phase 4.4 enhancements
2025-11-14 14:13:08 - INFO - Logged 1 ambient events to session test-session-id
2025-11-14 14:13:08 - INFO - Logged 1 ambient events to session test-session-id
2025-11-14 14:13:09 - ERROR - Error detecting pattern: KeyError
2025-11-14 14:13:09 - ERROR - Error detecting pattern: KeyError
2025-11-14 14:13:09 - ERROR - Error scoring activity: KeyError
2025-11-14 14:13:09 - ERROR - Error scoring activity: KeyError
2025-11-14 14:13:09 - ERROR - Error summarizing event: KeyError
2025-11-14 14:13:09 - ERROR - Error summarizing event: KeyError
2025-11-14 14:13:13 - ERROR - Tier 1 write error: TypeError: 'Mock' object is not iterable
2025-11-14 14:13:13 - ERROR - Tier 1 write error: TypeError: 'Mock' object is not iterable
2025-11-14 14:13:14 - INFO - Ambient Capture Daemon initialized with Phase 4.4 enhancements
2025-11-14 14:13:14 - INFO - Ambient Capture Daemon initialized with Phase 4.4 enhancements
2025-11-14 14:13:14 - WARNING - SECURITY: Could not validate terminal history path
2025-11-14 14:13:14 - WARNING - SECURITY: Could not validate terminal history path
2025-11-14 14:13:14 - INFO - Ambient Capture Daemon initialized with Phase 4.4 enhancements
2025-11-14 14:13:14 - INFO - Ambient Capture Daemon initialized with Phase 4.4 enhancements
2025-11-14 14:13:14 - INFO - Ambient Capture Daemon initialized with Phase 4.4 enhancements
2025-11-14 14:13:14 - INFO - Ambient Capture Daemon initialized with Phase 4.4 enhancements
2025-11-14 14:13:18 - INFO - Not a git repository, git monitoring disabled
2025-11-14 14:13:18 - INFO - Not a git repository, git monitoring disabled
2025-11-14 14:13:20 - ERROR - Tier 1 write error: TypeError: 'Mock' object is not iterable
2025-11-14 14:13:20 - ERROR - Tier 1 write error: TypeError: 'Mock' object is not iterable
2025-11-14 14:13:21 - INFO - Not a git repository, git monitoring disabled
2025-11-14 14:13:21 - INFO - Not a git repository, git monitoring disabled
2025-11-14 14:13:21 - INFO - Ambient Capture Daemon initialized with Phase 4.4 enhancements
2025-11-14 14:13:21 - INFO - Ambient Capture Daemon initialized with Phase 4.4 enhancements
2025-11-14 14:13:43 - WARNING - SECURITY: History file too large
2025-11-14 14:13:43 - WARNING - SECURITY: History file too large
2025-11-14 14:13:43 - ERROR - Error reading workspace JSON: JSONDecodeError
2025-11-14 14:13:43 - ERROR - Error reading workspace JSON: JSONDecodeError
2025-11-14 14:13:43 - WARNING - SECURITY: Workspace file too large, skipping
2025-11-14 14:13:43 - WARNING - SECURITY: Workspace file too large, skipping
2025-11-14 14:13:43 - ERROR - Capture script not found, skipping hook install
2025-11-14 14:13:43 - ERROR - Capture script not found, skipping hook install
2025-11-14 14:13:43 - ERROR - Capture script not found, skipping hook install
2025-11-14 14:13:43 - ERROR - Capture script not found, skipping hook install
2025-11-14 14:13:43 - ERROR - Capture script not found, skipping hook install
2025-11-14 14:13:43 - ERROR - Capture script not found, skipping hook install
2025-11-14 14:13:43 - INFO - Ambient Capture Daemon initialized with Phase 4.4 enhancements
2025-11-14 14:13:43 - INFO - Ambient Capture Daemon initialized with Phase 4.4 enhancements
2025-11-14 14:13:43 - INFO - Ambient Capture Daemon initialized with Phase 4.4 enhancements
2025-11-14 14:13:43 - INFO - Ambient Capture Daemon initialized with Phase 4.4 enhancements
2025-11-14 14:13:43 - WARNING - SECURITY: Could not validate terminal history path
2025-11-14 14:13:43 - WARNING - SECURITY: Could not validate terminal history path
2025-11-14 14:13:44 - INFO - Ambient Capture Daemon initialized with Phase 4.4 enhancements
2025-11-14 14:13:44 - INFO - Ambient Capture Daemon initialized with Phase 4.4 enhancements
2025-11-14 14:13:44 - INFO - Logged 1 ambient events to session test-session-id
2025-11-14 14:13:44 - INFO - Logged 1 ambient events to session test-session-id
2025-11-14 14:13:46 - ERROR - Error scoring activity: KeyError
2025-11-14 14:13:46 - ERROR - Error scoring activity: KeyError
2025-11-14 14:13:46 - ERROR - Error summarizing event: KeyError
2025-11-14 14:13:46 - ERROR - Error summarizing event: KeyError
2025-11-14 14:13:46 - ERROR - Error detecting pattern: KeyError
2025-11-14 14:13:46 - ERROR - Error detecting pattern: KeyError
2025-11-14 14:13:49 - ERROR - Tier 1 write error: TypeError: 'Mock' object is not iterable
2025-11-14 14:13:49 - ERROR - Tier 1 write error: TypeError: 'Mock' object is not iterable
2025-11-14 14:13:50 - INFO - Ambient Capture Daemon initialized with Phase 4.4 enhancements
2025-11-14 14:13:50 - INFO - Ambient Capture Daemon initialized with Phase 4.4 enhancements
2025-11-14 14:13:50 - WARNING - SECURITY: Could not validate terminal history path
2025-11-14 14:13:50 - WARNING - SECURITY: Could not validate terminal history path
2025-11-14 14:13:50 - INFO - Ambient Capture Daemon initialized with Phase 4.4 enhancements
2025-11-14 14:13:50 - INFO - Ambient Capture Daemon initialized with Phase 4.4 enhancements
2025-11-14 14:13:50 - INFO - Ambient Capture Daemon initialized with Phase 4.4 enhancements
2025-11-14 14:13:50 - INFO - Ambient Capture Daemon initialized with Phase 4.4 enhancements
2025-11-14 14:13:54 - INFO - Not a git repository, git monitoring disabled
2025-11-14 14:13:54 - INFO - Not a git repository, git monitoring disabled
2025-11-14 14:13:56 - ERROR - Tier 1 write error: TypeError: 'Mock' object is not iterable
2025-11-14 14:13:56 - ERROR - Tier 1 write error: TypeError: 'Mock' object is not iterable
2025-11-14 14:13:57 - INFO - Not a git repository, git monitoring disabled
2025-11-14 14:13:57 - INFO - Not a git repository, git monitoring disabled
2025-11-14 14:13:57 - INFO - Ambient Capture Daemon initialized with Phase 4.4 enhancements
2025-11-14 14:13:57 - INFO - Ambient Capture Daemon initialized with Phase 4.4 enhancements
2025-11-14 14:14:02 - ERROR - Tier 1 write error: AttributeError: 'SessionManager' object has no attribute 'create_session'
2025-11-14 14:14:02 - ERROR - Tier 1 write error: AttributeError: 'SessionManager' object has no attribute 'create_session'
2025-11-15 03:32:47 - WARNING - SECURITY: History file too large
2025-11-15 03:32:47 - WARNING - SECURITY: History file too large
2025-11-15 03:32:47 - ERROR - Error reading workspace JSON: JSONDecodeError
2025-11-15 03:32:47 - ERROR - Error reading workspace JSON: JSONDecodeError
2025-11-15 03:32:47 - WARNING - SECURITY: Workspace file too large, skipping
2025-11-15 03:32:47 - WARNING - SECURITY: Workspace file too large, skipping
2025-11-15 03:32:47 - ERROR - Capture script not found, skipping hook install
2025-11-15 03:32:47 - ERROR - Capture script not found, skipping hook install
2025-11-15 03:32:47 - ERROR - Capture script not found, skipping hook install
2025-11-15 03:32:47 - ERROR - Capture script not found, skipping hook install
2025-11-15 03:32:47 - ERROR - Capture script not found, skipping hook install
2025-11-15 03:32:47 - ERROR - Capture script not found, skipping hook install
2025-11-15 03:32:47 - INFO - Ambient Capture Daemon initialized with Phase 4.4 enhancements
2025-11-15 03:32:47 - INFO - Ambient Capture Daemon initialized with Phase 4.4 enhancements
2025-11-15 03:32:47 - INFO - Ambient Capture Daemon initialized with Phase 4.4 enhancements
2025-11-15 03:32:47 - INFO - Ambient Capture Daemon initialized with Phase 4.4 enhancements
2025-11-15 03:32:47 - WARNING - SECURITY: Could not validate terminal history path
2025-11-15 03:32:47 - WARNING - SECURITY: Could not validate terminal history path
2025-11-15 03:32:47 - INFO - Ambient Capture Daemon initialized with Phase 4.4 enhancements
2025-11-15 03:32:47 - INFO - Ambient Capture Daemon initialized with Phase 4.4 enhancements
2025-11-15 03:32:48 - INFO - Logged 1 ambient events to session test-session-id
2025-11-15 03:32:48 - INFO - Logged 1 ambient events to session test-session-id
2025-11-15 03:32:52 - ERROR - Tier 1 write error: TypeError: 'Mock' object is not iterable
2025-11-15 03:32:52 - ERROR - Tier 1 write error: TypeError: 'Mock' object is not iterable
2025-11-15 03:32:53 - INFO - Ambient Capture Daemon initialized with Phase 4.4 enhancements
2025-11-15 03:32:53 - INFO - Ambient Capture Daemon initialized with Phase 4.4 enhancements
2025-11-15 03:32:53 - WARNING - SECURITY: Could not validate terminal history path
2025-11-15 03:32:53 - WARNING - SECURITY: Could not validate terminal history path
2025-11-15 03:32:54 - INFO - Ambient Capture Daemon initialized with Phase 4.4 enhancements
2025-11-15 03:32:54 - INFO - Ambient Capture Daemon initialized with Phase 4.4 enhancements
2025-11-15 03:32:54 - INFO - Ambient Capture Daemon initialized with Phase 4.4 enhancements
2025-11-15 03:32:54 - INFO - Ambient Capture Daemon initialized with Phase 4.4 enhancements
2025-11-15 03:32:57 - INFO - Not a git repository, git monitoring disabled
2025-11-15 03:32:57 - INFO - Not a git repository, git monitoring disabled
2025-11-15 03:33:00 - ERROR - Tier 1 write error: TypeError: 'Mock' object is not iterable
2025-11-15 03:33:00 - ERROR - Tier 1 write error: TypeError: 'Mock' object is not iterable
2025-11-15 03:33:01 - INFO - Not a git repository, git monitoring disabled
2025-11-15 03:33:01 - INFO - Not a git repository, git monitoring disabled
2025-11-15 03:33:01 - INFO - Ambient Capture Daemon initialized with Phase 4.4 enhancements
2025-11-15 03:33:01 - INFO - Ambient Capture Daemon initialized with Phase 4.4 enhancements
2025-11-15 03:33:25 - ERROR - Error detecting pattern: KeyError
2025-11-15 03:33:25 - ERROR - Error scoring activity: KeyError
2025-11-15 03:33:25 - ERROR - Error summarizing event: KeyError
2025-11-15 03:35:41 - WARNING - SECURITY: History file too large
2025-11-15 03:35:41 - WARNING - SECURITY: History file too large
2025-11-15 03:35:41 - ERROR - Error reading workspace JSON: JSONDecodeError
2025-11-15 03:35:41 - ERROR - Error reading workspace JSON: JSONDecodeError
2025-11-15 03:35:41 - WARNING - SECURITY: Workspace file too large, skipping
2025-11-15 03:35:41 - WARNING - SECURITY: Workspace file too large, skipping
2025-11-15 03:35:41 - ERROR - Capture script not found, skipping hook install
2025-11-15 03:35:41 - ERROR - Capture script not found, skipping hook install
2025-11-15 03:35:41 - ERROR - Capture script not found, skipping hook install
2025-11-15 03:35:41 - ERROR - Capture script not found, skipping hook install
2025-11-15 03:35:41 - ERROR - Capture script not found, skipping hook install
2025-11-15 03:35:41 - ERROR - Capture script not found, skipping hook install
2025-11-15 03:35:41 - INFO - Ambient Capture Daemon initialized with Phase 4.4 enhancements
2025-11-15 03:35:41 - INFO - Ambient Capture Daemon initialized with Phase 4.4 enhancements
2025-11-15 03:35:41 - INFO - Ambient Capture Daemon initialized with Phase 4.4 enhancements
2025-11-15 03:35:41 - INFO - Ambient Capture Daemon initialized with Phase 4.4 enhancements
2025-11-15 03:35:41 - WARNING - SECURITY: Could not validate terminal history path
2025-11-15 03:35:41 - WARNING - SECURITY: Could not validate terminal history path
2025-11-15 03:35:41 - INFO - Ambient Capture Daemon initialized with Phase 4.4 enhancements
2025-11-15 03:35:41 - INFO - Ambient Capture Daemon initialized with Phase 4.4 enhancements
2025-11-15 03:35:42 - INFO - Logged 1 ambient events to session test-session-id
2025-11-15 03:35:42 - INFO - Logged 1 ambient events to session test-session-id
2025-11-15 03:35:44 - ERROR - Error detecting pattern: KeyError
2025-11-15 03:35:44 - ERROR - Error detecting pattern: KeyError
2025-11-15 03:35:44 - ERROR - Error scoring activity: KeyError
2025-11-15 03:35:44 - ERROR - Error scoring activity: KeyError
2025-11-15 03:35:44 - ERROR - Error summarizing event: KeyError
2025-11-15 03:35:44 - ERROR - Error summarizing event: KeyError
2025-11-15 03:35:47 - ERROR - Tier 1 write error: TypeError: 'Mock' object is not iterable
2025-11-15 03:35:47 - ERROR - Tier 1 write error: TypeError: 'Mock' object is not iterable
2025-11-15 03:35:48 - INFO - Ambient Capture Daemon initialized with Phase 4.4 enhancements
2025-11-15 03:35:48 - INFO - Ambient Capture Daemon initialized with Phase 4.4 enhancements
2025-11-15 03:35:48 - WARNING - SECURITY: Could not validate terminal history path
2025-11-15 03:35:48 - WARNING - SECURITY: Could not validate terminal history path
2025-11-15 03:35:48 - INFO - Ambient Capture Daemon initialized with Phase 4.4 enhancements
2025-11-15 03:35:48 - INFO - Ambient Capture Daemon initialized with Phase 4.4 enhancements
2025-11-15 03:35:48 - INFO - Ambient Capture Daemon initialized with Phase 4.4 enhancements
2025-11-15 03:35:48 - INFO - Ambient Capture Daemon initialized with Phase 4.4 enhancements
2025-11-15 03:35:52 - INFO - Not a git repository, git monitoring disabled
2025-11-15 03:35:52 - INFO - Not a git repository, git monitoring disabled
2025-11-15 03:35:54 - ERROR - Tier 1 write error: TypeError: 'Mock' object is not iterable
2025-11-15 03:35:54 - ERROR - Tier 1 write error: TypeError: 'Mock' object is not iterable
2025-11-15 03:35:55 - INFO - Not a git repository, git monitoring disabled
2025-11-15 03:35:55 - INFO - Not a git repository, git monitoring disabled
2025-11-15 03:35:55 - INFO - Ambient Capture Daemon initialized with Phase 4.4 enhancements
2025-11-15 03:35:55 - INFO - Ambient Capture Daemon initialized with Phase 4.4 enhancements
2025-11-15 03:36:00 - ERROR - Tier 1 write error: AttributeError: 'SessionManager' object has no attribute 'create_session'
2025-11-15 03:36:00 - ERROR - Tier 1 write error: AttributeError: 'SessionManager' object has no attribute 'create_session'
